Component: ARM Compiler 6.14 Tool: armlink [5db06800]

==============================================================================

Section Cross References

    stm32l031lib.o(.ARM.exidx.text.pinMode) refers to stm32l031lib.o(.text.pinMode) for [Anonymous Symbol]
    stm32l031lib.o(.ARM.exidx.text.delay) refers to stm32l031lib.o(.text.delay) for [Anonymous Symbol]
    stm32l031lib.o(.ARM.exidx.text.enablePullUp) refers to stm32l031lib.o(.text.enablePullUp) for [Anonymous Symbol]
    stm32l031lib.o(.ARM.exidx.text.setPinLow) refers to stm32l031lib.o(.text.setPinLow) for [Anonymous Symbol]
    stm32l031lib.o(.ARM.exidx.text.setPinHigh) refers to stm32l031lib.o(.text.setPinHigh) for [Anonymous Symbol]
    stm32l031lib.o(.ARM.exidx.text.readPin) refers to stm32l031lib.o(.text.readPin) for [Anonymous Symbol]
    stm32l031lib.o(.ARM.exidx.text.initClock) refers to stm32l031lib.o(.text.initClock) for [Anonymous Symbol]
    stm32l031lib.o(.text.initSerial) refers to stm32l031lib.o(.text.initClock) for initClock
    stm32l031lib.o(.text.initSerial) refers to stm32l031lib.o(.text.pinMode) for pinMode
    stm32l031lib.o(.ARM.exidx.text.initSerial) refers to stm32l031lib.o(.text.initSerial) for [Anonymous Symbol]
    stm32l031lib.o(.ARM.exidx.text.eputchar) refers to stm32l031lib.o(.text.eputchar) for [Anonymous Symbol]
    stm32l031lib.o(.ARM.exidx.text.egetchar) refers to stm32l031lib.o(.text.egetchar) for [Anonymous Symbol]
    stm32l031lib.o(.text.eputs) refers to stm32l031lib.o(.text.eputchar) for eputchar
    stm32l031lib.o(.ARM.exidx.text.eputs) refers to stm32l031lib.o(.text.eputs) for [Anonymous Symbol]
    stm32l031lib.o(.text.printDecimal) refers to aeabi_sdivfast.o(.text_divfast) for __aeabi_uidiv
    stm32l031lib.o(.text.printDecimal) refers to stm32l031lib.o(.text.eputs) for eputs
    stm32l031lib.o(.ARM.exidx.text.printDecimal) refers to stm32l031lib.o(.text.printDecimal) for [Anonymous Symbol]
    stm32l031lib.o(.text.printHex) refers to stm32l031lib.o(.text.eputs) for eputs
    stm32l031lib.o(.ARM.exidx.text.printHex) refers to stm32l031lib.o(.text.printHex) for [Anonymous Symbol]
    stm32l031lib.o(.text.printBin) refers to stm32l031lib.o(.text.eputs) for eputs
    stm32l031lib.o(.ARM.exidx.text.printBin) refers to stm32l031lib.o(.text.printBin) for [Anonymous Symbol]
    stm32l031lib.o(.text.initPins) refers to stm32l031lib.o(.text.initKeypad) for initKeypad
    stm32l031lib.o(.text.initPins) refers to stm32l031lib.o(.text.initRGBLED) for initRGBLED
    stm32l031lib.o(.text.initPins) refers to stm32l031lib.o(.text.pinMode) for pinMode
    stm32l031lib.o(.ARM.exidx.text.initPins) refers to stm32l031lib.o(.text.initPins) for [Anonymous Symbol]
    stm32l031lib.o(.text.initKeypad) refers to stm32l031lib.o(.text.pinMode) for pinMode
    stm32l031lib.o(.text.initKeypad) refers to stm32l031lib.o(.text.enablePullUp) for enablePullUp
    stm32l031lib.o(.ARM.exidx.text.initKeypad) refers to stm32l031lib.o(.text.initKeypad) for [Anonymous Symbol]
    stm32l031lib.o(.text.initRGBLED) refers to stm32l031lib.o(.text.pinMode) for pinMode
    stm32l031lib.o(.ARM.exidx.text.initRGBLED) refers to stm32l031lib.o(.text.initRGBLED) for [Anonymous Symbol]
    stm32l031lib.o(.text.getKeypadValue) refers to stm32l031lib.o(.text.setPinHigh) for setPinHigh
    stm32l031lib.o(.text.getKeypadValue) refers to stm32l031lib.o(.text.setPinLow) for setPinLow
    stm32l031lib.o(.text.getKeypadValue) refers to stm32l031lib.o(.text.readPin) for readPin
    stm32l031lib.o(.ARM.exidx.text.getKeypadValue) refers to stm32l031lib.o(.text.getKeypadValue) for [Anonymous Symbol]
    stm32l031lib.o(.text.setRGBLED) refers to stm32l031lib.o(.text.setPinHigh) for setPinHigh
    stm32l031lib.o(.text.setRGBLED) refers to stm32l031lib.o(.text.setPinLow) for setPinLow
    stm32l031lib.o(.ARM.exidx.text.setRGBLED) refers to stm32l031lib.o(.text.setRGBLED) for [Anonymous Symbol]
    main.o(.text.main) refers to stm32l031lib.o(.text.initPins) for initPins
    main.o(.text.main) refers to stm32l031lib.o(.text.initClock) for initClock
    main.o(.text.main) refers to stm32l031lib.o(.text.initSerial) for initSerial
    main.o(.text.main) refers to stm32l031lib.o(.text.getKeypadValue) for getKeypadValue
    main.o(.text.main) refers to stm32l031lib.o(.text.printDecimal) for printDecimal
    main.o(.text.main) refers to stm32l031lib.o(.text.eputs) for eputs
    main.o(.ARM.exidx.text.main) refers to main.o(.text.main) for [Anonymous Symbol]
    main.o(.ARM.exidx.text.SysTick_Handler) refers to main.o(.text.SysTick_Handler) for [Anonymous Symbol]
    realm.o(.text.runGame) refers to stm32l031lib.o(.text.eputs) for eputs
    realm.o(.text.runGame) refers to realm.o(.text.showHelp) for showHelp
    realm.o(.text.runGame) refers to realm.o(.text.initRealm) for initRealm
    realm.o(.text.runGame) refers to realm.o(.text.initPlayer) for initPlayer
    realm.o(.text.runGame) refers to realm.o(.text.showPlayer) for showPlayer
    realm.o(.text.runGame) refers to realm.o(.text.showRealm) for showRealm
    realm.o(.text.runGame) refers to realm.o(.text.showGameMessage) for showGameMessage
    realm.o(.text.runGame) refers to realm.o(.text.getUserInput) for getUserInput
    realm.o(.text.runGame) refers to realm.o(.text.step) for step
    realm.o(.text.runGame) refers to realm.o(.bss.GameStarted) for [Anonymous Symbol]
    realm.o(.text.runGame) refers to realm.o(.bss.theRealm) for [Anonymous Symbol]
    realm.o(.text.runGame) refers to realm.o(.bss.thePlayer) for [Anonymous Symbol]
    realm.o(.ARM.exidx.text.runGame) refers to realm.o(.text.runGame) for [Anonymous Symbol]
    realm.o(.text.showHelp) refers to stm32l031lib.o(.text.eputs) for eputs
    realm.o(.ARM.exidx.text.showHelp) refers to realm.o(.text.showHelp) for [Anonymous Symbol]
    realm.o(.text.showGameMessage) refers to stm32l031lib.o(.text.eputs) for eputs
    realm.o(.ARM.exidx.text.showGameMessage) refers to realm.o(.text.showGameMessage) for [Anonymous Symbol]
    realm.o(.text.getUserInput) refers to stm32l031lib.o(.text.egetchar) for egetchar
    realm.o(.ARM.exidx.text.getUserInput) refers to realm.o(.text.getUserInput) for [Anonymous Symbol]
    realm.o(.text.initRealm) refers to realm.o(.text.random) for random
    realm.o(.ARM.exidx.text.initRealm) refers to realm.o(.text.initRealm) for [Anonymous Symbol]
    realm.o(.text.initPlayer) refers to stm32l031lib.o(.text.eputs) for eputs
    realm.o(.text.initPlayer) refers to realm.o(.text.getUserInput) for getUserInput
    realm.o(.text.initPlayer) refers to stm32l031lib.o(.text.eputchar) for eputchar
    realm.o(.text.initPlayer) refers to realm.o(.text.setHealth) for setHealth
    realm.o(.text.initPlayer) refers to realm.o(.text.random) for random
    realm.o(.ARM.exidx.text.initPlayer) refers to realm.o(.text.initPlayer) for [Anonymous Symbol]
    realm.o(.text.showPlayer) refers to stm32l031lib.o(.text.eputs) for eputs
    realm.o(.text.showPlayer) refers to stm32l031lib.o(.text.printDecimal) for printDecimal
    realm.o(.text.showPlayer) refers to realm.o(.text.getWeaponName) for getWeaponName
    realm.o(.text.showPlayer) refers to realm.o(.rodata.str1.1) for .L.str.59
    realm.o(.ARM.exidx.text.showPlayer) refers to realm.o(.text.showPlayer) for [Anonymous Symbol]
    realm.o(.text.showRealm) refers to stm32l031lib.o(.text.eputs) for eputs
    realm.o(.text.showRealm) refers to stm32l031lib.o(.text.eputchar) for eputchar
    realm.o(.text.showRealm) refers to realm.o(.rodata.str1.1) for .L.str.20
    realm.o(.ARM.exidx.text.showRealm) refers to realm.o(.text.showRealm) for [Anonymous Symbol]
    realm.o(.text.step) refers to realm.o(.text.showGameMessage) for showGameMessage
    realm.o(.text.step) refers to realm.o(.text.doChallenge) for doChallenge
    realm.o(.text.step) refers to stm32l031lib.o(.text.eputs) for eputs
    realm.o(.text.step) refers to realm.o(.text.setHealth) for setHealth
    realm.o(.text.step) refers to realm.o(.text.initRealm) for initRealm
    realm.o(.text.step) refers to realm.o(.text.showRealm) for showRealm
    realm.o(.text.step) refers to realm.o(.text.setStrength) for setStrength
    realm.o(.text.step) refers to realm.o(.text.random) for random
    realm.o(.text.step) refers to realm.o(.text.addWeapon) for addWeapon
    realm.o(.text.step) refers to realm.o(.text.showPlayer) for showPlayer
    realm.o(.text.step) refers to realm.o(.bss.theRealm) for [Anonymous Symbol]
    realm.o(.text.step) refers to realm.o(.rodata.str1.1) for .L.str.13
    realm.o(.ARM.exidx.text.step) refers to realm.o(.text.step) for [Anonymous Symbol]
    realm.o(.text.doChallenge) refers to stm32l031lib.o(.text.eputs) for eputs
    realm.o(.text.doChallenge) refers to realm.o(.text.getUserInput) for getUserInput
    realm.o(.text.doChallenge) refers to realm.o(.text.getWeaponName) for getWeaponName
    realm.o(.text.doChallenge) refers to realm.o(.text.random) for random
    realm.o(.text.doChallenge) refers to realm.o(.text.setStrength) for setStrength
    realm.o(.text.doChallenge) refers to realm.o(.text.setHealth) for setHealth
    realm.o(.text.doChallenge) refers to stm32l031lib.o(.text.printDecimal) for printDecimal
    realm.o(.text.doChallenge) refers to realm.o(.text.showGameMessage) for showGameMessage
    realm.o(.text.doChallenge) refers to realm.o(.rodata.str1.1) for .L.str.20
    realm.o(.text.doChallenge) refers to realm.o(.rodata.cst16) for WeaponDamage
    realm.o(.ARM.exidx.text.doChallenge) refers to realm.o(.text.doChallenge) for [Anonymous Symbol]
    realm.o(.ARM.exidx.text.setHealth) refers to realm.o(.text.setHealth) for [Anonymous Symbol]
    realm.o(.ARM.exidx.text.setStrength) refers to realm.o(.text.setStrength) for [Anonymous Symbol]
    realm.o(.text.addWeapon) refers to stm32l031lib.o(.text.eputs) for eputs
    realm.o(.text.addWeapon) refers to stm32l031lib.o(.text.printDecimal) for printDecimal
    realm.o(.text.addWeapon) refers to realm.o(.text.showPlayer) for showPlayer
    realm.o(.text.addWeapon) refers to realm.o(.text.getUserInput) for getUserInput
    realm.o(.text.addWeapon) refers to stm32l031lib.o(.text.eputchar) for eputchar
    realm.o(.text.addWeapon) refers to realm.o(.rodata.str1.1) for .L.str.42
    realm.o(.ARM.exidx.text.addWeapon) refers to realm.o(.text.addWeapon) for [Anonymous Symbol]
    realm.o(.text.random) refers to realm.o(.text.prbs) for prbs
    realm.o(.ARM.exidx.text.random) refers to realm.o(.text.random) for [Anonymous Symbol]
    realm.o(.text.getWeaponName) refers to realm.o(.rodata.str1.1) for .L.str.44
    realm.o(.ARM.exidx.text.getWeaponName) refers to realm.o(.text.getWeaponName) for [Anonymous Symbol]
    realm.o(.ARM.exidx.text.zap) refers to realm.o(.text.zap) for [Anonymous Symbol]
    realm.o(.text.prbs) refers to realm.o(.bss.prbs.busy) for [Anonymous Symbol]
    realm.o(.text.prbs) refers to realm.o(.data.prbs.shift_register) for [Anonymous Symbol]
    realm.o(.ARM.exidx.text.prbs) refers to realm.o(.text.prbs) for [Anonymous Symbol]
    startup_stm32l031xx.o(STACK) refers (Special) to heapauxi.o(.text) for __use_two_region_memory
    startup_stm32l031xx.o(HEAP) refers (Special) to heapauxi.o(.text) for __use_two_region_memory
    startup_stm32l031xx.o(RESET) refers (Special) to heapauxi.o(.text) for __use_two_region_memory
    startup_stm32l031xx.o(RESET) refers to startup_stm32l031xx.o(STACK) for __initial_sp
    startup_stm32l031xx.o(RESET) refers to startup_stm32l031xx.o(.text) for Reset_Handler
    startup_stm32l031xx.o(RESET) refers to main.o(.text.SysTick_Handler) for SysTick_Handler
    startup_stm32l031xx.o(.text) refers (Special) to heapauxi.o(.text) for __use_two_region_memory
    startup_stm32l031xx.o(.text) refers to system_stm32l0xx.o(.text.SystemInit) for SystemInit
    startup_stm32l031xx.o(.text) refers to __main.o(!!!main) for __main
    startup_stm32l031xx.o(.text) refers to startup_stm32l031xx.o(HEAP) for Heap_Mem
    startup_stm32l031xx.o(.text) refers to startup_stm32l031xx.o(STACK) for Stack_Mem
    system_stm32l0xx.o(.ARM.exidx.text.SystemInit) refers to system_stm32l0xx.o(.text.SystemInit) for [Anonymous Symbol]
    system_stm32l0xx.o(.text.SystemCoreClockUpdate) refers to aeabi_sdivfast.o(.text_divfast) for __aeabi_uidiv
    system_stm32l0xx.o(.text.SystemCoreClockUpdate) refers to system_stm32l0xx.o(.rodata.PLLMulTable) for PLLMulTable
    system_stm32l0xx.o(.text.SystemCoreClockUpdate) refers to system_stm32l0xx.o(.data.SystemCoreClock) for SystemCoreClock
    system_stm32l0xx.o(.text.SystemCoreClockUpdate) refers to system_stm32l0xx.o(.rodata.AHBPrescTable) for AHBPrescTable
    system_stm32l0xx.o(.ARM.exidx.text.SystemCoreClockUpdate) refers to system_stm32l0xx.o(.text.SystemCoreClockUpdate) for [Anonymous Symbol]
    __main.o(!!!main) refers to __rtentry.o(.ARM.Collect$$rtentry$$00000000) for __rt_entry
    __rtentry.o(.ARM.Collect$$rtentry$$00000000) refers (Special) to __rtentry2.o(.ARM.Collect$$rtentry$$0000000A) for __rt_entry_li
    __rtentry.o(.ARM.Collect$$rtentry$$00000000) refers (Special) to __rtentry2.o(.ARM.Collect$$rtentry$$0000000D) for __rt_entry_main
    __rtentry.o(.ARM.Collect$$rtentry$$00000000) refers (Special) to __rtentry2.o(.ARM.Collect$$rtentry$$0000000C) for __rt_entry_postli_1
    __rtentry.o(.ARM.Collect$$rtentry$$00000000) refers (Special) to __rtentry2.o(.ARM.Collect$$rtentry$$00000009) for __rt_entry_postsh_1
    __rtentry.o(.ARM.Collect$$rtentry$$00000000) refers (Special) to __rtentry2.o(.ARM.Collect$$rtentry$$00000002) for __rt_entry_presh_1
    __rtentry.o(.ARM.Collect$$rtentry$$00000000) refers (Special) to __rtentry4.o(.ARM.Collect$$rtentry$$00000004) for __rt_entry_sh
    aeabi_idiv0_sigfpe.o(.text) refers to rt_div0.o(.text) for __rt_div0
    __rtentry2.o(.ARM.Collect$$rtentry$$00000008) refers to boardinit2.o(.text) for _platform_post_stackheap_init
    __rtentry2.o(.ARM.Collect$$rtentry$$0000000A) refers to libinit.o(.ARM.Collect$$libinit$$00000000) for __rt_lib_init
    __rtentry2.o(.ARM.Collect$$rtentry$$0000000B) refers to boardinit3.o(.text) for _platform_post_lib_init
    __rtentry2.o(.ARM.Collect$$rtentry$$0000000D) refers to main.o(.text.main) for main
    __rtentry2.o(.ARM.Collect$$rtentry$$0000000D) refers to exit.o(.text) for exit
    __rtentry2.o(.ARM.exidx) refers to __rtentry2.o(.ARM.Collect$$rtentry$$00000001) for .ARM.Collect$$rtentry$$00000001
    __rtentry2.o(.ARM.exidx) refers to __rtentry2.o(.ARM.Collect$$rtentry$$00000008) for .ARM.Collect$$rtentry$$00000008
    __rtentry2.o(.ARM.exidx) refers to __rtentry2.o(.ARM.Collect$$rtentry$$0000000A) for .ARM.Collect$$rtentry$$0000000A
    __rtentry2.o(.ARM.exidx) refers to __rtentry2.o(.ARM.Collect$$rtentry$$0000000B) for .ARM.Collect$$rtentry$$0000000B
    __rtentry2.o(.ARM.exidx) refers to __rtentry2.o(.ARM.Collect$$rtentry$$0000000D) for .ARM.Collect$$rtentry$$0000000D
    __rtentry4.o(.ARM.Collect$$rtentry$$00000004) refers to sys_stackheap_outer.o(.text) for __user_setup_stackheap
    __rtentry4.o(.ARM.exidx) refers to __rtentry4.o(.ARM.Collect$$rtentry$$00000004) for .ARM.Collect$$rtentry$$00000004
    rt_div0.o(.text) refers to defsig_fpe_outer.o(.text) for __rt_SIGFPE
    sys_stackheap_outer.o(.text) refers to libspace.o(.text) for __user_perproc_libspace
    sys_stackheap_outer.o(.text) refers to startup_stm32l031xx.o(.text) for __user_initial_stackheap
    sys_stackheap_outer.o(__vectab_stack_and_reset_area) refers to tempstk.o(.text) for __temporary_stack_top
    sys_stackheap_outer.o(__vectab_stack_and_reset_area) refers to __main.o(!!!main) for __main
    exit.o(.text) refers to rtexit.o(.ARM.Collect$$rtexit$$00000000) for __rt_exit
    defsig_fpe_outer.o(.text) refers to defsig_fpe_inner.o(.text) for __rt_SIGFPE_inner
    defsig_fpe_outer.o(.text) refers to defsig_exit.o(.text) for __sig_exit
    defsig_fpe_formal.o(.text) refers to rt_raise.o(.text) for __rt_raise
    libinit.o(.ARM.Collect$$libinit$$00000000) refers (Special) to libinit2.o(.ARM.Collect$$libinit$$0000002E) for __rt_lib_init_alloca_1
    libinit.o(.ARM.Collect$$libinit$$00000000) refers (Special) to libinit2.o(.ARM.Collect$$libinit$$0000002C) for __rt_lib_init_argv_1
    libinit.o(.ARM.Collect$$libinit$$00000000) refers (Special) to libinit2.o(.ARM.Collect$$libinit$$0000001B) for __rt_lib_init_atexit_1
    libinit.o(.ARM.Collect$$libinit$$00000000) refers (Special) to libinit2.o(.ARM.Collect$$libinit$$00000021) for __rt_lib_init_clock_1
    libinit.o(.ARM.Collect$$libinit$$00000000) refers (Special) to libinit2.o(.ARM.Collect$$libinit$$00000032) for __rt_lib_init_cpp_1
    libinit.o(.ARM.Collect$$libinit$$00000000) refers (Special) to libinit2.o(.ARM.Collect$$libinit$$00000030) for __rt_lib_init_exceptions_1
    libinit.o(.ARM.Collect$$libinit$$00000000) refers (Special) to libinit2.o(.ARM.Collect$$libinit$$00000002) for __rt_lib_init_fp_1
    libinit.o(.ARM.Collect$$libinit$$00000000) refers (Special) to libinit2.o(.ARM.Collect$$libinit$$0000001F) for __rt_lib_init_fp_trap_1
    libinit.o(.ARM.Collect$$libinit$$00000000) refers (Special) to libinit2.o(.ARM.Collect$$libinit$$00000023) for __rt_lib_init_getenv_1
    libinit.o(.ARM.Collect$$libinit$$00000000) refers (Special) to libinit2.o(.ARM.Collect$$libinit$$0000000A) for __rt_lib_init_heap_1
    libinit.o(.ARM.Collect$$libinit$$00000000) refers (Special) to libinit2.o(.ARM.Collect$$libinit$$00000011) for __rt_lib_init_lc_collate_1
    libinit.o(.ARM.Collect$$libinit$$00000000) refers (Special) to libinit2.o(.ARM.Collect$$libinit$$00000013) for __rt_lib_init_lc_ctype_1
    libinit.o(.ARM.Collect$$libinit$$00000000) refers (Special) to libinit2.o(.ARM.Collect$$libinit$$00000015) for __rt_lib_init_lc_monetary_1
    libinit.o(.ARM.Collect$$libinit$$00000000) refers (Special) to libinit2.o(.ARM.Collect$$libinit$$00000017) for __rt_lib_init_lc_numeric_1
    libinit.o(.ARM.Collect$$libinit$$00000000) refers (Special) to libinit2.o(.ARM.Collect$$libinit$$00000019) for __rt_lib_init_lc_time_1
    libinit.o(.ARM.Collect$$libinit$$00000000) refers (Special) to libinit2.o(.ARM.Collect$$libinit$$00000004) for __rt_lib_init_preinit_1
    libinit.o(.ARM.Collect$$libinit$$00000000) refers (Special) to libinit2.o(.ARM.Collect$$libinit$$0000000E) for __rt_lib_init_rand_1
    libinit.o(.ARM.Collect$$libinit$$00000000) refers (Special) to libinit2.o(.ARM.Collect$$libinit$$00000033) for __rt_lib_init_return
    libinit.o(.ARM.Collect$$libinit$$00000000) refers (Special) to libinit2.o(.ARM.Collect$$libinit$$0000001D) for __rt_lib_init_signal_1
    libinit.o(.ARM.Collect$$libinit$$00000000) refers (Special) to libinit2.o(.ARM.Collect$$libinit$$00000025) for __rt_lib_init_stdio_1
    libinit.o(.ARM.Collect$$libinit$$00000000) refers (Special) to libinit2.o(.ARM.Collect$$libinit$$0000000C) for __rt_lib_init_user_alloc_1
    libspace.o(.text) refers to libspace.o(.bss) for __libspace_start
    rtexit.o(.ARM.Collect$$rtexit$$00000000) refers (Special) to rtexit2.o(.ARM.Collect$$rtexit$$00000004) for __rt_exit_exit
    rtexit.o(.ARM.Collect$$rtexit$$00000000) refers (Special) to rtexit2.o(.ARM.Collect$$rtexit$$00000003) for __rt_exit_ls
    rtexit.o(.ARM.Collect$$rtexit$$00000000) refers (Special) to rtexit2.o(.ARM.Collect$$rtexit$$00000002) for __rt_exit_prels_1
    rtexit.o(.ARM.exidx) refers (Special) to rtexit2.o(.ARM.Collect$$rtexit$$00000004) for __rt_exit_exit
    rtexit.o(.ARM.exidx) refers (Special) to rtexit2.o(.ARM.Collect$$rtexit$$00000003) for __rt_exit_ls
    rtexit.o(.ARM.exidx) refers (Special) to rtexit2.o(.ARM.Collect$$rtexit$$00000002) for __rt_exit_prels_1
    rtexit.o(.ARM.exidx) refers to rtexit.o(.ARM.Collect$$rtexit$$00000000) for .ARM.Collect$$rtexit$$00000000
    rt_raise.o(.text) refers to __raise.o(.text) for __raise
    rt_raise.o(.text) refers to sys_exit.o(.text) for _sys_exit
    defsig_exit.o(.text) refers to sys_exit.o(.text) for _sys_exit
    defsig_fpe_inner.o(.text) refers to defsig_general.o(.text) for __default_signal_display
    libinit2.o(.ARM.Collect$$libinit$$00000010) refers to libinit2.o(.ARM.Collect$$libinit$$0000000F) for .ARM.Collect$$libinit$$0000000F
    libinit2.o(.ARM.Collect$$libinit$$00000012) refers to libinit2.o(.ARM.Collect$$libinit$$0000000F) for .ARM.Collect$$libinit$$0000000F
    libinit2.o(.ARM.Collect$$libinit$$00000014) refers to libinit2.o(.ARM.Collect$$libinit$$0000000F) for .ARM.Collect$$libinit$$0000000F
    libinit2.o(.ARM.Collect$$libinit$$00000016) refers to libinit2.o(.ARM.Collect$$libinit$$0000000F) for .ARM.Collect$$libinit$$0000000F
    libinit2.o(.ARM.Collect$$libinit$$00000018) refers to libinit2.o(.ARM.Collect$$libinit$$0000000F) for .ARM.Collect$$libinit$$0000000F
    libinit2.o(.ARM.Collect$$libinit$$00000026) refers to argv_veneer.o(.text) for __ARM_argv_veneer
    libinit2.o(.ARM.Collect$$libinit$$00000027) refers to argv_veneer.o(.text) for __ARM_argv_veneer
    sys_exit.o(.text) refers (Special) to use_no_semi.o(.text) for __I$use$semihosting
    sys_exit.o(.text) refers (Special) to indicate_semi.o(.text) for __semihosting_library_function
    sys_exit_hlt.o(.text) refers (Special) to use_no_semi.o(.text) for __I$use$semihosting
    sys_exit_hlt.o(.text) refers (Special) to indicate_semi.o(.text) for __semihosting_library_function
    rtexit2.o(.ARM.Collect$$rtexit$$00000003) refers to libshutdown.o(.ARM.Collect$$libshutdown$$00000000) for __rt_lib_shutdown
    rtexit2.o(.ARM.Collect$$rtexit$$00000004) refers to sys_exit.o(.text) for _sys_exit
    rtexit2.o(.ARM.exidx) refers to rtexit2.o(.ARM.Collect$$rtexit$$00000001) for .ARM.Collect$$rtexit$$00000001
    rtexit2.o(.ARM.exidx) refers to rtexit2.o(.ARM.Collect$$rtexit$$00000003) for .ARM.Collect$$rtexit$$00000003
    rtexit2.o(.ARM.exidx) refers to rtexit2.o(.ARM.Collect$$rtexit$$00000004) for .ARM.Collect$$rtexit$$00000004
    __raise.o(.text) refers to defsig.o(CL$$defsig) for __default_signal_handler
    defsig_general.o(.text) refers to sys_wrch.o(.text) for _ttywrch
    sys_wrch.o(.text) refers (Special) to use_no_semi.o(.text) for __I$use$semihosting
    sys_wrch.o(.text) refers (Special) to indicate_semi.o(.text) for __semihosting_library_function
    sys_wrch_hlt.o(.text) refers (Special) to use_no_semi.o(.text) for __I$use$semihosting
    sys_wrch_hlt.o(.text) refers (Special) to indicate_semi.o(.text) for __semihosting_library_function
    defsig.o(CL$$defsig) refers to defsig_fpe_inner.o(.text) for __rt_SIGFPE_inner
    defsig.o(CL$$defsig) refers to defsig_rtmem_inner.o(.text) for __rt_SIGRTMEM_inner
    _get_argv_nomalloc.o(.text) refers (Special) to hrguard.o(.text) for __heap_region$guard
    _get_argv_nomalloc.o(.text) refers to defsig_rtmem_outer.o(.text) for __rt_SIGRTMEM
    _get_argv_nomalloc.o(.text) refers to sys_command.o(.text) for _sys_command_string
    libshutdown.o(.ARM.Collect$$libshutdown$$00000000) refers (Special) to libshutdown2.o(.ARM.Collect$$libshutdown$$00000002) for __rt_lib_shutdown_cpp_1
    libshutdown.o(.ARM.Collect$$libshutdown$$00000000) refers (Special) to libshutdown2.o(.ARM.Collect$$libshutdown$$00000007) for __rt_lib_shutdown_fp_trap_1
    libshutdown.o(.ARM.Collect$$libshutdown$$00000000) refers (Special) to libshutdown2.o(.ARM.Collect$$libshutdown$$0000000F) for __rt_lib_shutdown_heap_1
    libshutdown.o(.ARM.Collect$$libshutdown$$00000000) refers (Special) to libshutdown2.o(.ARM.Collect$$libshutdown$$00000010) for __rt_lib_shutdown_return
    libshutdown.o(.ARM.Collect$$libshutdown$$00000000) refers (Special) to libshutdown2.o(.ARM.Collect$$libshutdown$$0000000A) for __rt_lib_shutdown_signal_1
    libshutdown.o(.ARM.Collect$$libshutdown$$00000000) refers (Special) to libshutdown2.o(.ARM.Collect$$libshutdown$$00000004) for __rt_lib_shutdown_stdio_1
    libshutdown.o(.ARM.Collect$$libshutdown$$00000000) refers (Special) to libshutdown2.o(.ARM.Collect$$libshutdown$$0000000C) for __rt_lib_shutdown_user_alloc_1
    sys_command.o(.text) refers (Special) to use_no_semi.o(.text) for __I$use$semihosting
    sys_command.o(.text) refers (Special) to indicate_semi.o(.text) for __semihosting_library_function
    sys_command_hlt.o(.text) refers (Special) to use_no_semi.o(.text) for __I$use$semihosting
    sys_command_hlt.o(.text) refers (Special) to indicate_semi.o(.text) for __semihosting_library_function
    defsig_abrt_inner.o(.text) refers to defsig_general.o(.text) for __default_signal_display
    defsig_rtred_inner.o(.text) refers to defsig_general.o(.text) for __default_signal_display
    defsig_rtmem_inner.o(.text) refers to defsig_general.o(.text) for __default_signal_display
    defsig_rtmem_outer.o(.text) refers to defsig_rtmem_inner.o(.text) for __rt_SIGRTMEM_inner
    defsig_rtmem_outer.o(.text) refers to defsig_exit.o(.text) for __sig_exit
    defsig_rtmem_formal.o(.text) refers to rt_raise.o(.text) for __rt_raise
    defsig_stak_inner.o(.text) refers to defsig_general.o(.text) for __default_signal_display
    defsig_pvfn_inner.o(.text) refers to defsig_general.o(.text) for __default_signal_display
    defsig_cppl_inner.o(.text) refers to defsig_general.o(.text) for __default_signal_display
    defsig_segv_inner.o(.text) refers to defsig_general.o(.text) for __default_signal_display
    defsig_other.o(.text) refers to defsig_general.o(.text) for __default_signal_display


==============================================================================

Removing Unused input sections from the image.

    Removing stm32l031lib.o(.text), (0 bytes).
    Removing stm32l031lib.o(.ARM.exidx.text.pinMode), (8 bytes).
    Removing stm32l031lib.o(.text.delay), (18 bytes).
    Removing stm32l031lib.o(.ARM.exidx.text.delay), (8 bytes).
    Removing stm32l031lib.o(.ARM.exidx.text.enablePullUp), (8 bytes).
    Removing stm32l031lib.o(.ARM.exidx.text.setPinLow), (8 bytes).
    Removing stm32l031lib.o(.ARM.exidx.text.setPinHigh), (8 bytes).
    Removing stm32l031lib.o(.ARM.exidx.text.readPin), (8 bytes).
    Removing stm32l031lib.o(.ARM.exidx.text.initClock), (8 bytes).
    Removing stm32l031lib.o(.ARM.exidx.text.initSerial), (8 bytes).
    Removing stm32l031lib.o(.ARM.exidx.text.eputchar), (8 bytes).
    Removing stm32l031lib.o(.text.egetchar), (20 bytes).
    Removing stm32l031lib.o(.ARM.exidx.text.egetchar), (8 bytes).
    Removing stm32l031lib.o(.ARM.exidx.text.eputs), (8 bytes).
    Removing stm32l031lib.o(.ARM.exidx.text.printDecimal), (8 bytes).
    Removing stm32l031lib.o(.text.printHex), (50 bytes).
    Removing stm32l031lib.o(.ARM.exidx.text.printHex), (8 bytes).
    Removing stm32l031lib.o(.text.printBin), (40 bytes).
    Removing stm32l031lib.o(.ARM.exidx.text.printBin), (8 bytes).
    Removing stm32l031lib.o(.ARM.exidx.text.initPins), (8 bytes).
    Removing stm32l031lib.o(.ARM.exidx.text.initKeypad), (8 bytes).
    Removing stm32l031lib.o(.ARM.exidx.text.initRGBLED), (8 bytes).
    Removing stm32l031lib.o(.ARM.exidx.text.getKeypadValue), (8 bytes).
    Removing stm32l031lib.o(.text.setRGBLED), (82 bytes).
    Removing stm32l031lib.o(.ARM.exidx.text.setRGBLED), (8 bytes).
    Removing main.o(.text), (0 bytes).
    Removing main.o(.ARM.exidx.text.main), (8 bytes).
    Removing main.o(.ARM.exidx.text.SysTick_Handler), (8 bytes).
    Removing main.o(.ARM.use_no_argv), (4 bytes).
    Removing realm.o(.text), (0 bytes).
    Removing realm.o(.text.runGame), (384 bytes).
    Removing realm.o(.ARM.exidx.text.runGame), (8 bytes).
    Removing realm.o(.text.showHelp), (152 bytes).
    Removing realm.o(.ARM.exidx.text.showHelp), (8 bytes).
    Removing realm.o(.text.showGameMessage), (28 bytes).
    Removing realm.o(.ARM.exidx.text.showGameMessage), (8 bytes).
    Removing realm.o(.text.getUserInput), (12 bytes).
    Removing realm.o(.ARM.exidx.text.getUserInput), (8 bytes).
    Removing realm.o(.text.initRealm), (124 bytes).
    Removing realm.o(.ARM.exidx.text.initRealm), (8 bytes).
    Removing realm.o(.text.initPlayer), (176 bytes).
    Removing realm.o(.ARM.exidx.text.initPlayer), (8 bytes).
    Removing realm.o(.text.showPlayer), (268 bytes).
    Removing realm.o(.ARM.exidx.text.showPlayer), (8 bytes).
    Removing realm.o(.text.showRealm), (224 bytes).
    Removing realm.o(.ARM.exidx.text.showRealm), (8 bytes).
    Removing realm.o(.text.step), (516 bytes).
    Removing realm.o(.ARM.exidx.text.step), (8 bytes).
    Removing realm.o(.text.doChallenge), (720 bytes).
    Removing realm.o(.ARM.exidx.text.doChallenge), (8 bytes).
    Removing realm.o(.text.setHealth), (14 bytes).
    Removing realm.o(.ARM.exidx.text.setHealth), (8 bytes).
    Removing realm.o(.text.setStrength), (10 bytes).
    Removing realm.o(.ARM.exidx.text.setStrength), (8 bytes).
    Removing realm.o(.text.addWeapon), (268 bytes).
    Removing realm.o(.ARM.exidx.text.addWeapon), (8 bytes).
    Removing realm.o(.text.random), (20 bytes).
    Removing realm.o(.ARM.exidx.text.random), (8 bytes).
    Removing realm.o(.text.getWeaponName), (40 bytes).
    Removing realm.o(.ARM.exidx.text.getWeaponName), (8 bytes).
    Removing realm.o(.text.zap), (2 bytes).
    Removing realm.o(.ARM.exidx.text.zap), (8 bytes).
    Removing realm.o(.text.prbs), (56 bytes).
    Removing realm.o(.ARM.exidx.text.prbs), (8 bytes).
    Removing realm.o(.bss.GameStarted), (1 bytes).
    Removing realm.o(.bss.theRealm), (600 bytes).
    Removing realm.o(.bss.thePlayer), (29 bytes).
    Removing realm.o(.rodata.str1.1), (367 bytes).
    Removing realm.o(.rodata.cst16), (16 bytes).
    Removing realm.o(.data.prbs.shift_register), (4 bytes).
    Removing realm.o(.bss.prbs.busy), (1 bytes).
    Removing system_stm32l0xx.o(.text), (0 bytes).
    Removing system_stm32l0xx.o(.ARM.exidx.text.SystemInit), (8 bytes).
    Removing system_stm32l0xx.o(.text.SystemCoreClockUpdate), (172 bytes).
    Removing system_stm32l0xx.o(.ARM.exidx.text.SystemCoreClockUpdate), (8 bytes).
    Removing system_stm32l0xx.o(.data.SystemCoreClock), (4 bytes).
    Removing system_stm32l0xx.o(.rodata.AHBPrescTable), (16 bytes).
    Removing system_stm32l0xx.o(.rodata.APBPrescTable), (8 bytes).
    Removing system_stm32l0xx.o(.rodata.PLLMulTable), (9 bytes).

79 unused section(s) (total 4775 bytes) removed from the image.

==============================================================================

Image Symbol Table

    Local Symbols

    Symbol Name                              Value     Ov Type        Size  Object(Section)

    ../clib/angel/boardlib.s                 0x00000000   Number         0  boardinit1.o ABSOLUTE
    ../clib/angel/boardlib.s                 0x00000000   Number         0  boardinit2.o ABSOLUTE
    ../clib/angel/boardlib.s                 0x00000000   Number         0  boardinit3.o ABSOLUTE
    ../clib/angel/boardlib.s                 0x00000000   Number         0  boardshut.o ABSOLUTE
    ../clib/angel/handlers.s                 0x00000000   Number         0  __scatter_zi.o ABSOLUTE
    ../clib/angel/kernel.s                   0x00000000   Number         0  __rtentry.o ABSOLUTE
    ../clib/angel/kernel.s                   0x00000000   Number         0  __rtentry2.o ABSOLUTE
    ../clib/angel/kernel.s                   0x00000000   Number         0  __rtentry4.o ABSOLUTE
    ../clib/angel/kernel.s                   0x00000000   Number         0  rtexit.o ABSOLUTE
    ../clib/angel/kernel.s                   0x00000000   Number         0  rtexit2.o ABSOLUTE
    ../clib/angel/rt.s                       0x00000000   Number         0  aeabi_idiv0.o ABSOLUTE
    ../clib/angel/rt.s                       0x00000000   Number         0  aeabi_idiv0_sigfpe.o ABSOLUTE
    ../clib/angel/rt.s                       0x00000000   Number         0  rt_div0.o ABSOLUTE
    ../clib/angel/rt.s                       0x00000000   Number         0  rt_raise.o ABSOLUTE
    ../clib/angel/scatterp.s                 0x00000000   Number         0  __scatter.o ABSOLUTE
    ../clib/angel/startup.s                  0x00000000   Number         0  __main.o ABSOLUTE
    ../clib/angel/sys.s                      0x00000000   Number         0  sys_stackheap_outer.o ABSOLUTE
    ../clib/angel/sys.s                      0x00000000   Number         0  libspace.o ABSOLUTE
    ../clib/angel/sys.s                      0x00000000   Number         0  tempstk.o ABSOLUTE
    ../clib/angel/sys.s                      0x00000000   Number         0  use_no_semi.o ABSOLUTE
    ../clib/angel/sys.s                      0x00000000   Number         0  indicate_semi.o ABSOLUTE
    ../clib/angel/sysapp.c                   0x00000000   Number         0  sys_exit.o ABSOLUTE
    ../clib/angel/sysapp.c                   0x00000000   Number         0  sys_exit_hlt.o ABSOLUTE
    ../clib/angel/sysapp.c                   0x00000000   Number         0  sys_wrch.o ABSOLUTE
    ../clib/angel/sysapp.c                   0x00000000   Number         0  sys_wrch_hlt.o ABSOLUTE
    ../clib/angel/sysapp.c                   0x00000000   Number         0  sys_command.o ABSOLUTE
    ../clib/angel/sysapp.c                   0x00000000   Number         0  sys_command_hlt.o ABSOLUTE
    ../clib/armsys.c                         0x00000000   Number         0  argv_veneer.o ABSOLUTE
    ../clib/armsys.c                         0x00000000   Number         0  _get_argv_nomalloc.o ABSOLUTE
    ../clib/armsys.c                         0x00000000   Number         0  no_argv.o ABSOLUTE
    ../clib/division.s                       0x00000000   Number         0  aeabi_sdivfast.o ABSOLUTE
    ../clib/division.s                       0x00000000   Number         0  aeabi_sdivfast_div0.o ABSOLUTE
    ../clib/heapalloc.c                      0x00000000   Number         0  hrguard.o ABSOLUTE
    ../clib/heapaux.c                        0x00000000   Number         0  heapauxi.o ABSOLUTE
    ../clib/libinit.s                        0x00000000   Number         0  libinit.o ABSOLUTE
    ../clib/libinit.s                        0x00000000   Number         0  libinit2.o ABSOLUTE
    ../clib/libinit.s                        0x00000000   Number         0  libshutdown.o ABSOLUTE
    ../clib/libinit.s                        0x00000000   Number         0  libshutdown2.o ABSOLUTE
    ../clib/signal.c                         0x00000000   Number         0  defsig_fpe_outer.o ABSOLUTE
    ../clib/signal.c                         0x00000000   Number         0  defsig_fpe_formal.o ABSOLUTE
    ../clib/signal.c                         0x00000000   Number         0  defsig_exit.o ABSOLUTE
    ../clib/signal.c                         0x00000000   Number         0  defsig_fpe_inner.o ABSOLUTE
    ../clib/signal.c                         0x00000000   Number         0  __raise.o ABSOLUTE
    ../clib/signal.c                         0x00000000   Number         0  defsig_general.o ABSOLUTE
    ../clib/signal.c                         0x00000000   Number         0  defsig_abrt_inner.o ABSOLUTE
    ../clib/signal.c                         0x00000000   Number         0  defsig_rtred_inner.o ABSOLUTE
    ../clib/signal.c                         0x00000000   Number         0  defsig_rtmem_inner.o ABSOLUTE
    ../clib/signal.c                         0x00000000   Number         0  defsig_rtmem_outer.o ABSOLUTE
    ../clib/signal.c                         0x00000000   Number         0  defsig_rtmem_formal.o ABSOLUTE
    ../clib/signal.c                         0x00000000   Number         0  defsig_stak_inner.o ABSOLUTE
    ../clib/signal.c                         0x00000000   Number         0  defsig_pvfn_inner.o ABSOLUTE
    ../clib/signal.c                         0x00000000   Number         0  defsig_cppl_inner.o ABSOLUTE
    ../clib/signal.c                         0x00000000   Number         0  defsig_segv_inner.o ABSOLUTE
    ../clib/signal.c                         0x00000000   Number         0  defsig_other.o ABSOLUTE
    ../clib/signal.s                         0x00000000   Number         0  defsig.o ABSOLUTE
    ../clib/stdlib.c                         0x00000000   Number         0  exit.o ABSOLUTE
    ../fplib/cfplib/fpinit.c                 0x00000000   Number         0  fpinit.o ABSOLUTE
    RTE/Device/STM32L031K6Tx/startup_stm32l031xx.s 0x00000000   Number         0  startup_stm32l031xx.o ABSOLUTE
    dc.s                                     0x00000000   Number         0  dc.o ABSOLUTE
    main.c                                   0x00000000   Number         0  main.o ABSOLUTE
    realm.c                                  0x00000000   Number         0  realm.o ABSOLUTE
    stm32l031lib.c                           0x00000000   Number         0  stm32l031lib.o ABSOLUTE
    system_stm32l0xx.c                       0x00000000   Number         0  system_stm32l0xx.o ABSOLUTE
    RESET                                    0x08000000   Section      192  startup_stm32l031xx.o(RESET)
    !!!main                                  0x080000c0   Section        8  __main.o(!!!main)
    !!!scatter                               0x080000c8   Section       60  __scatter.o(!!!scatter)
    !!handler_zi                             0x08000104   Section       28  __scatter_zi.o(!!handler_zi)
    .ARM.Collect$$libinit$$00000000          0x08000120   Section        2  libinit.o(.ARM.Collect$$libinit$$00000000)
    .ARM.Collect$$libinit$$00000002          0x08000122   Section        0  libinit2.o(.ARM.Collect$$libinit$$00000002)
    .ARM.Collect$$libinit$$00000004          0x08000122   Section        0  libinit2.o(.ARM.Collect$$libinit$$00000004)
    .ARM.Collect$$libinit$$0000000A          0x08000122   Section        0  libinit2.o(.ARM.Collect$$libinit$$0000000A)
    .ARM.Collect$$libinit$$0000000C          0x08000122   Section        0  libinit2.o(.ARM.Collect$$libinit$$0000000C)
    .ARM.Collect$$libinit$$0000000E          0x08000122   Section        0  libinit2.o(.ARM.Collect$$libinit$$0000000E)
    .ARM.Collect$$libinit$$00000011          0x08000122   Section        0  libinit2.o(.ARM.Collect$$libinit$$00000011)
    .ARM.Collect$$libinit$$00000013          0x08000122   Section        0  libinit2.o(.ARM.Collect$$libinit$$00000013)
    .ARM.Collect$$libinit$$00000015          0x08000122   Section        0  libinit2.o(.ARM.Collect$$libinit$$00000015)
    .ARM.Collect$$libinit$$00000017          0x08000122   Section        0  libinit2.o(.ARM.Collect$$libinit$$00000017)
    .ARM.Collect$$libinit$$00000019          0x08000122   Section        0  libinit2.o(.ARM.Collect$$libinit$$00000019)
    .ARM.Collect$$libinit$$0000001B          0x08000122   Section        0  libinit2.o(.ARM.Collect$$libinit$$0000001B)
    .ARM.Collect$$libinit$$0000001D          0x08000122   Section        0  libinit2.o(.ARM.Collect$$libinit$$0000001D)
    .ARM.Collect$$libinit$$0000001F          0x08000122   Section        0  libinit2.o(.ARM.Collect$$libinit$$0000001F)
    .ARM.Collect$$libinit$$00000021          0x08000122   Section        0  libinit2.o(.ARM.Collect$$libinit$$00000021)
    .ARM.Collect$$libinit$$00000023          0x08000122   Section        0  libinit2.o(.ARM.Collect$$libinit$$00000023)
    .ARM.Collect$$libinit$$00000025          0x08000122   Section        0  libinit2.o(.ARM.Collect$$libinit$$00000025)
    .ARM.Collect$$libinit$$0000002C          0x08000122   Section        0  libinit2.o(.ARM.Collect$$libinit$$0000002C)
    .ARM.Collect$$libinit$$0000002E          0x08000122   Section        0  libinit2.o(.ARM.Collect$$libinit$$0000002E)
    .ARM.Collect$$libinit$$00000030          0x08000122   Section        0  libinit2.o(.ARM.Collect$$libinit$$00000030)
    .ARM.Collect$$libinit$$00000032          0x08000122   Section        0  libinit2.o(.ARM.Collect$$libinit$$00000032)
    .ARM.Collect$$libinit$$00000033          0x08000122   Section        2  libinit2.o(.ARM.Collect$$libinit$$00000033)
    .ARM.Collect$$libshutdown$$00000000      0x08000124   Section        2  libshutdown.o(.ARM.Collect$$libshutdown$$00000000)
    .ARM.Collect$$libshutdown$$00000002      0x08000126   Section        0  libshutdown2.o(.ARM.Collect$$libshutdown$$00000002)
    .ARM.Collect$$libshutdown$$00000004      0x08000126   Section        0  libshutdown2.o(.ARM.Collect$$libshutdown$$00000004)
    .ARM.Collect$$libshutdown$$00000007      0x08000126   Section        0  libshutdown2.o(.ARM.Collect$$libshutdown$$00000007)
    .ARM.Collect$$libshutdown$$0000000A      0x08000126   Section        0  libshutdown2.o(.ARM.Collect$$libshutdown$$0000000A)
    .ARM.Collect$$libshutdown$$0000000C      0x08000126   Section        0  libshutdown2.o(.ARM.Collect$$libshutdown$$0000000C)
    .ARM.Collect$$libshutdown$$0000000F      0x08000126   Section        0  libshutdown2.o(.ARM.Collect$$libshutdown$$0000000F)
    .ARM.Collect$$libshutdown$$00000010      0x08000126   Section        2  libshutdown2.o(.ARM.Collect$$libshutdown$$00000010)
    .ARM.Collect$$rtentry$$00000000          0x08000128   Section        0  __rtentry.o(.ARM.Collect$$rtentry$$00000000)
    .ARM.Collect$$rtentry$$00000002          0x08000128   Section        0  __rtentry2.o(.ARM.Collect$$rtentry$$00000002)
    .ARM.Collect$$rtentry$$00000004          0x08000128   Section        6  __rtentry4.o(.ARM.Collect$$rtentry$$00000004)
    .ARM.Collect$$rtentry$$00000009          0x0800012e   Section        0  __rtentry2.o(.ARM.Collect$$rtentry$$00000009)
    .ARM.Collect$$rtentry$$0000000A          0x0800012e   Section        4  __rtentry2.o(.ARM.Collect$$rtentry$$0000000A)
    .ARM.Collect$$rtentry$$0000000C          0x08000132   Section        0  __rtentry2.o(.ARM.Collect$$rtentry$$0000000C)
    .ARM.Collect$$rtentry$$0000000D          0x08000132   Section        8  __rtentry2.o(.ARM.Collect$$rtentry$$0000000D)
    .ARM.Collect$$rtexit$$00000000           0x0800013a   Section        2  rtexit.o(.ARM.Collect$$rtexit$$00000000)
    .ARM.Collect$$rtexit$$00000002           0x0800013c   Section        0  rtexit2.o(.ARM.Collect$$rtexit$$00000002)
    .ARM.Collect$$rtexit$$00000003           0x0800013c   Section        4  rtexit2.o(.ARM.Collect$$rtexit$$00000003)
    .ARM.Collect$$rtexit$$00000004           0x08000140   Section        6  rtexit2.o(.ARM.Collect$$rtexit$$00000004)
    .text                                    0x08000148   Section       56  startup_stm32l031xx.o(.text)
    .text                                    0x08000180   Section        0  heapauxi.o(.text)
    .text                                    0x08000186   Section       62  sys_stackheap_outer.o(.text)
    .text                                    0x080001c4   Section        0  exit.o(.text)
    .text                                    0x080001d4   Section        8  libspace.o(.text)
    .text                                    0x080001dc   Section        0  sys_exit.o(.text)
    .text                                    0x080001e8   Section        2  use_no_semi.o(.text)
    [Anonymous Symbol]                       0x080001ea   Section        0  main.o(.text.SysTick_Handler)
    .text                                    0x080001ea   Section        0  indicate_semi.o(.text)
    [Anonymous Symbol]                       0x080001ec   Section        0  system_stm32l0xx.o(.text.SystemInit)
    __arm_cp.0_1                             0x0800022c   Number         4  system_stm32l0xx.o(.text.SystemInit)
    __arm_cp.0_2                             0x08000230   Number         4  system_stm32l0xx.o(.text.SystemInit)
    __arm_cp.0_3                             0x08000234   Number         4  system_stm32l0xx.o(.text.SystemInit)
    [Anonymous Symbol]                       0x08000238   Section        0  stm32l031lib.o(.text.enablePullUp)
    [Anonymous Symbol]                       0x08000250   Section        0  stm32l031lib.o(.text.eputchar)
    __arm_cp.8_0                             0x0800025c   Number         4  stm32l031lib.o(.text.eputchar)
    [Anonymous Symbol]                       0x08000260   Section        0  stm32l031lib.o(.text.eputs)
    [Anonymous Symbol]                       0x0800027c   Section        0  stm32l031lib.o(.text.getKeypadValue)
    [Anonymous Symbol]                       0x0800031c   Section        0  stm32l031lib.o(.text.initClock)
    __arm_cp.6_0                             0x08000348   Number         4  stm32l031lib.o(.text.initClock)
    __arm_cp.6_1                             0x0800034c   Number         4  stm32l031lib.o(.text.initClock)
    [Anonymous Symbol]                       0x08000350   Section        0  stm32l031lib.o(.text.initKeypad)
    [Anonymous Symbol]                       0x080003b8   Section        0  stm32l031lib.o(.text.initPins)
    [Anonymous Symbol]                       0x08000420   Section        0  stm32l031lib.o(.text.initRGBLED)
    [Anonymous Symbol]                       0x08000444   Section        0  stm32l031lib.o(.text.initSerial)
    __arm_cp.7_0                             0x080004c8   Number         4  stm32l031lib.o(.text.initSerial)
    __arm_cp.7_1                             0x080004cc   Number         4  stm32l031lib.o(.text.initSerial)
    __arm_cp.7_2                             0x080004d0   Number         4  stm32l031lib.o(.text.initSerial)
    __arm_cp.7_3                             0x080004d4   Number         4  stm32l031lib.o(.text.initSerial)
    [Anonymous Symbol]                       0x080004d8   Section        0  main.o(.text.main)
    __arm_cp.0_0                             0x08000524   Number         4  main.o(.text.main)
    [Anonymous Symbol]                       0x0800052c   Section        0  stm32l031lib.o(.text.pinMode)
    [Anonymous Symbol]                       0x0800053e   Section        0  stm32l031lib.o(.text.printDecimal)
    [Anonymous Symbol]                       0x0800057c   Section        0  stm32l031lib.o(.text.readPin)
    [Anonymous Symbol]                       0x08000586   Section        0  stm32l031lib.o(.text.setPinHigh)
    [Anonymous Symbol]                       0x08000592   Section        0  stm32l031lib.o(.text.setPinLow)
    .text_divfast                            0x0800059e   Section      502  aeabi_sdivfast.o(.text_divfast)
    .bss                                     0x20000000   Section       96  libspace.o(.bss)
    Heap_Mem                                 0x20000060   Data         512  startup_stm32l031xx.o(HEAP)
    HEAP                                     0x20000060   Section      512  startup_stm32l031xx.o(HEAP)
    Stack_Mem                                0x20000260   Data        1024  startup_stm32l031xx.o(STACK)
    STACK                                    0x20000260   Section     1024  startup_stm32l031xx.o(STACK)
    __initial_sp                             0x20000660   Data           0  startup_stm32l031xx.o(STACK)

    Global Symbols

    Symbol Name                              Value     Ov Type        Size  Object(Section)

    BuildAttributes$$THM_ISAv3M$S$PE$A:L22$X:L11$S22$IEEE1$IW$~IW$USESV6$~STKCKD$USESV7$~SHL$OTIME$ROPI$EBA8$UX$STANDARDLIB$REQ8$PRES8$EABIv2 0x00000000   Number         0  anon$$obj.o ABSOLUTE
    __ARM_exceptions_init                     - Undefined Weak Reference
    __alloca_initialize                       - Undefined Weak Reference
    __arm_preinit_                            - Undefined Weak Reference
    __cpp_initialize__aeabi_                  - Undefined Weak Reference
    __cxa_finalize                            - Undefined Weak Reference
    __rt_locale                               - Undefined Weak Reference
    __sigvec_lookup                           - Undefined Weak Reference
    _atexit_init                              - Undefined Weak Reference
    _call_atexit_fns                          - Undefined Weak Reference
    _clock_init                               - Undefined Weak Reference
    _fp_trap_init                             - Undefined Weak Reference
    _fp_trap_shutdown                         - Undefined Weak Reference
    _get_lc_collate                           - Undefined Weak Reference
    _get_lc_ctype                             - Undefined Weak Reference
    _get_lc_monetary                          - Undefined Weak Reference
    _get_lc_numeric                           - Undefined Weak Reference
    _get_lc_time                              - Undefined Weak Reference
    _getenv_init                              - Undefined Weak Reference
    _handle_redirection                       - Undefined Weak Reference
    _init_alloc                               - Undefined Weak Reference
    _init_user_alloc                          - Undefined Weak Reference
    _initio                                   - Undefined Weak Reference
    _rand_init                                - Undefined Weak Reference
    _signal_finish                            - Undefined Weak Reference
    _signal_init                              - Undefined Weak Reference
    _terminate_alloc                          - Undefined Weak Reference
    _terminate_user_alloc                     - Undefined Weak Reference
    _terminateio                              - Undefined Weak Reference
    __Vectors_Size                           0x000000c0   Number         0  startup_stm32l031xx.o ABSOLUTE
    __Vectors                                0x08000000   Data           4  startup_stm32l031xx.o(RESET)
    __Vectors_End                            0x080000c0   Data           0  startup_stm32l031xx.o(RESET)
    __main                                   0x080000c1   Thumb Code     8  __main.o(!!!main)
    __scatterload                            0x080000c9   Thumb Code     0  __scatter.o(!!!scatter)
    __scatterload_rt2                        0x080000c9   Thumb Code    52  __scatter.o(!!!scatter)
    __scatterload_rt2_thumb_only             0x080000c9   Thumb Code     0  __scatter.o(!!!scatter)
    __scatterload_null                       0x080000d9   Thumb Code     0  __scatter.o(!!!scatter)
    __scatterload_zeroinit                   0x08000105   Thumb Code    28  __scatter_zi.o(!!handler_zi)
    __rt_lib_init                            0x08000121   Thumb Code     0  libinit.o(.ARM.Collect$$libinit$$00000000)
    __rt_lib_init_alloca_1                   0x08000123   Thumb Code     0  libinit2.o(.ARM.Collect$$libinit$$0000002E)
    __rt_lib_init_argv_1                     0x08000123   Thumb Code     0  libinit2.o(.ARM.Collect$$libinit$$0000002C)
    __rt_lib_init_atexit_1                   0x08000123   Thumb Code     0  libinit2.o(.ARM.Collect$$libinit$$0000001B)
    __rt_lib_init_clock_1                    0x08000123   Thumb Code     0  libinit2.o(.ARM.Collect$$libinit$$00000021)
    __rt_lib_init_cpp_1                      0x08000123   Thumb Code     0  libinit2.o(.ARM.Collect$$libinit$$00000032)
    __rt_lib_init_exceptions_1               0x08000123   Thumb Code     0  libinit2.o(.ARM.Collect$$libinit$$00000030)
    __rt_lib_init_fp_1                       0x08000123   Thumb Code     0  libinit2.o(.ARM.Collect$$libinit$$00000002)
    __rt_lib_init_fp_trap_1                  0x08000123   Thumb Code     0  libinit2.o(.ARM.Collect$$libinit$$0000001F)
    __rt_lib_init_getenv_1                   0x08000123   Thumb Code     0  libinit2.o(.ARM.Collect$$libinit$$00000023)
    __rt_lib_init_heap_1                     0x08000123   Thumb Code     0  libinit2.o(.ARM.Collect$$libinit$$0000000A)
    __rt_lib_init_lc_collate_1               0x08000123   Thumb Code     0  libinit2.o(.ARM.Collect$$libinit$$00000011)
    __rt_lib_init_lc_ctype_1                 0x08000123   Thumb Code     0  libinit2.o(.ARM.Collect$$libinit$$00000013)
    __rt_lib_init_lc_monetary_1              0x08000123   Thumb Code     0  libinit2.o(.ARM.Collect$$libinit$$00000015)
    __rt_lib_init_lc_numeric_1               0x08000123   Thumb Code     0  libinit2.o(.ARM.Collect$$libinit$$00000017)
    __rt_lib_init_lc_time_1                  0x08000123   Thumb Code     0  libinit2.o(.ARM.Collect$$libinit$$00000019)
    __rt_lib_init_preinit_1                  0x08000123   Thumb Code     0  libinit2.o(.ARM.Collect$$libinit$$00000004)
    __rt_lib_init_rand_1                     0x08000123   Thumb Code     0  libinit2.o(.ARM.Collect$$libinit$$0000000E)
    __rt_lib_init_return                     0x08000123   Thumb Code     0  libinit2.o(.ARM.Collect$$libinit$$00000033)
    __rt_lib_init_signal_1                   0x08000123   Thumb Code     0  libinit2.o(.ARM.Collect$$libinit$$0000001D)
    __rt_lib_init_stdio_1                    0x08000123   Thumb Code     0  libinit2.o(.ARM.Collect$$libinit$$00000025)
    __rt_lib_init_user_alloc_1               0x08000123   Thumb Code     0  libinit2.o(.ARM.Collect$$libinit$$0000000C)
    __rt_lib_shutdown                        0x08000125   Thumb Code     0  libshutdown.o(.ARM.Collect$$libshutdown$$00000000)
    __rt_lib_shutdown_cpp_1                  0x08000127   Thumb Code     0  libshutdown2.o(.ARM.Collect$$libshutdown$$00000002)
    __rt_lib_shutdown_fp_trap_1              0x08000127   Thumb Code     0  libshutdown2.o(.ARM.Collect$$libshutdown$$00000007)
    __rt_lib_shutdown_heap_1                 0x08000127   Thumb Code     0  libshutdown2.o(.ARM.Collect$$libshutdown$$0000000F)
    __rt_lib_shutdown_return                 0x08000127   Thumb Code     0  libshutdown2.o(.ARM.Collect$$libshutdown$$00000010)
    __rt_lib_shutdown_signal_1               0x08000127   Thumb Code     0  libshutdown2.o(.ARM.Collect$$libshutdown$$0000000A)
    __rt_lib_shutdown_stdio_1                0x08000127   Thumb Code     0  libshutdown2.o(.ARM.Collect$$libshutdown$$00000004)
    __rt_lib_shutdown_user_alloc_1           0x08000127   Thumb Code     0  libshutdown2.o(.ARM.Collect$$libshutdown$$0000000C)
    __rt_entry                               0x08000129   Thumb Code     0  __rtentry.o(.ARM.Collect$$rtentry$$00000000)
    __rt_entry_presh_1                       0x08000129   Thumb Code     0  __rtentry2.o(.ARM.Collect$$rtentry$$00000002)
    __rt_entry_sh                            0x08000129   Thumb Code     0  __rtentry4.o(.ARM.Collect$$rtentry$$00000004)
    __rt_entry_li                            0x0800012f   Thumb Code     0  __rtentry2.o(.ARM.Collect$$rtentry$$0000000A)
    __rt_entry_postsh_1                      0x0800012f   Thumb Code     0  __rtentry2.o(.ARM.Collect$$rtentry$$00000009)
    __rt_entry_main                          0x08000133   Thumb Code     0  __rtentry2.o(.ARM.Collect$$rtentry$$0000000D)
    __rt_entry_postli_1                      0x08000133   Thumb Code     0  __rtentry2.o(.ARM.Collect$$rtentry$$0000000C)
    __rt_exit                                0x0800013b   Thumb Code     0  rtexit.o(.ARM.Collect$$rtexit$$00000000)
    __rt_exit_ls                             0x0800013d   Thumb Code     0  rtexit2.o(.ARM.Collect$$rtexit$$00000003)
    __rt_exit_prels_1                        0x0800013d   Thumb Code     0  rtexit2.o(.ARM.Collect$$rtexit$$00000002)
    __rt_exit_exit                           0x08000141   Thumb Code     0  rtexit2.o(.ARM.Collect$$rtexit$$00000004)
    Reset_Handler                            0x08000149   Thumb Code     8  startup_stm32l031xx.o(.text)
    NMI_Handler                              0x08000151   Thumb Code     2  startup_stm32l031xx.o(.text)
    HardFault_Handler                        0x08000153   Thumb Code     2  startup_stm32l031xx.o(.text)
    SVC_Handler                              0x08000155   Thumb Code     2  startup_stm32l031xx.o(.text)
    PendSV_Handler                           0x08000157   Thumb Code     2  startup_stm32l031xx.o(.text)
    ADC1_COMP_IRQHandler                     0x0800015b   Thumb Code     0  startup_stm32l031xx.o(.text)
    DMA1_Channel1_IRQHandler                 0x0800015b   Thumb Code     0  startup_stm32l031xx.o(.text)
    DMA1_Channel2_3_IRQHandler               0x0800015b   Thumb Code     0  startup_stm32l031xx.o(.text)
    DMA1_Channel4_5_6_7_IRQHandler           0x0800015b   Thumb Code     0  startup_stm32l031xx.o(.text)
    EXTI0_1_IRQHandler                       0x0800015b   Thumb Code     0  startup_stm32l031xx.o(.text)
    EXTI2_3_IRQHandler                       0x0800015b   Thumb Code     0  startup_stm32l031xx.o(.text)
    EXTI4_15_IRQHandler                      0x0800015b   Thumb Code     0  startup_stm32l031xx.o(.text)
    FLASH_IRQHandler                         0x0800015b   Thumb Code     0  startup_stm32l031xx.o(.text)
    I2C1_IRQHandler                          0x0800015b   Thumb Code     0  startup_stm32l031xx.o(.text)
    LPTIM1_IRQHandler                        0x0800015b   Thumb Code     0  startup_stm32l031xx.o(.text)
    LPUART1_IRQHandler                       0x0800015b   Thumb Code     0  startup_stm32l031xx.o(.text)
    PVD_IRQHandler                           0x0800015b   Thumb Code     0  startup_stm32l031xx.o(.text)
    RCC_IRQHandler                           0x0800015b   Thumb Code     0  startup_stm32l031xx.o(.text)
    RTC_IRQHandler                           0x0800015b   Thumb Code     0  startup_stm32l031xx.o(.text)
    SPI1_IRQHandler                          0x0800015b   Thumb Code     0  startup_stm32l031xx.o(.text)
    TIM21_IRQHandler                         0x0800015b   Thumb Code     0  startup_stm32l031xx.o(.text)
    TIM22_IRQHandler                         0x0800015b   Thumb Code     0  startup_stm32l031xx.o(.text)
    TIM2_IRQHandler                          0x0800015b   Thumb Code     0  startup_stm32l031xx.o(.text)
    USART2_IRQHandler                        0x0800015b   Thumb Code     0  startup_stm32l031xx.o(.text)
    WWDG_IRQHandler                          0x0800015b   Thumb Code     0  startup_stm32l031xx.o(.text)
    __user_initial_stackheap                 0x0800015d   Thumb Code     0  startup_stm32l031xx.o(.text)
    __use_two_region_memory                  0x08000181   Thumb Code     2  heapauxi.o(.text)
    __rt_heap_escrow$2region                 0x08000183   Thumb Code     2  heapauxi.o(.text)
    __rt_heap_expand$2region                 0x08000185   Thumb Code     2  heapauxi.o(.text)
    __user_setup_stackheap                   0x08000187   Thumb Code    62  sys_stackheap_outer.o(.text)
    exit                                     0x080001c5   Thumb Code    16  exit.o(.text)
    __user_libspace                          0x080001d5   Thumb Code     8  libspace.o(.text)
    __user_perproc_libspace                  0x080001d5   Thumb Code     0  libspace.o(.text)
    __user_perthread_libspace                0x080001d5   Thumb Code     0  libspace.o(.text)
    _sys_exit                                0x080001dd   Thumb Code     8  sys_exit.o(.text)
    __I$use$semihosting                      0x080001e9   Thumb Code     0  use_no_semi.o(.text)
    __use_no_semihosting_swi                 0x080001e9   Thumb Code     2  use_no_semi.o(.text)
    SysTick_Handler                          0x080001eb   Thumb Code     2  main.o(.text.SysTick_Handler)
    __semihosting_library_function           0x080001eb   Thumb Code     0  indicate_semi.o(.text)
    SystemInit                               0x080001ed   Thumb Code    76  system_stm32l0xx.o(.text.SystemInit)
    enablePullUp                             0x08000239   Thumb Code    24  stm32l031lib.o(.text.enablePullUp)
    eputchar                                 0x08000251   Thumb Code    16  stm32l031lib.o(.text.eputchar)
    eputs                                    0x08000261   Thumb Code    28  stm32l031lib.o(.text.eputs)
    getKeypadValue                           0x0800027d   Thumb Code   160  stm32l031lib.o(.text.getKeypadValue)
    initClock                                0x0800031d   Thumb Code    52  stm32l031lib.o(.text.initClock)
    initKeypad                               0x08000351   Thumb Code   104  stm32l031lib.o(.text.initKeypad)
    initPins                                 0x080003b9   Thumb Code   104  stm32l031lib.o(.text.initPins)
    initRGBLED                               0x08000421   Thumb Code    36  stm32l031lib.o(.text.initRGBLED)
    initSerial                               0x08000445   Thumb Code   148  stm32l031lib.o(.text.initSerial)
    main                                     0x080004d9   Thumb Code    84  main.o(.text.main)
    pinMode                                  0x0800052d   Thumb Code    18  stm32l031lib.o(.text.pinMode)
    printDecimal                             0x0800053f   Thumb Code    62  stm32l031lib.o(.text.printDecimal)
    readPin                                  0x0800057d   Thumb Code    10  stm32l031lib.o(.text.readPin)
    setPinHigh                               0x08000587   Thumb Code    12  stm32l031lib.o(.text.setPinHigh)
    setPinLow                                0x08000593   Thumb Code    12  stm32l031lib.o(.text.setPinLow)
    __aeabi_uidiv                            0x0800059f   Thumb Code    68  aeabi_sdivfast.o(.text_divfast)
    __aeabi_idiv                             0x080005e3   Thumb Code   434  aeabi_sdivfast.o(.text_divfast)
    Region$$Table$$Base                      0x08000794   Number         0  anon$$obj.o(Region$$Table)
    Region$$Table$$Limit                     0x080007a4   Number         0  anon$$obj.o(Region$$Table)
    __libspace_start                         0x20000000   Data          96  libspace.o(.bss)
    __temporary_stack_top$libspace           0x20000060   Data           0  libspace.o(.bss)



==============================================================================

Memory Map of the image

  Image Entry point : 0x08000149

  Load Region LR_1 (Base: 0x08000000, Size: 0x000007a4, Max: 0xffffffff, ABSOLUTE)

    Execution Region ER_RO (Exec base: 0x08000000, Load base: 0x08000000, Size: 0x000007a4, Max: 0xffffffff, ABSOLUTE)

    Exec Addr    Load Addr    Size         Type   Attr      Idx    E Section Name        Object

    0x08000000   0x08000000   0x000000c0   Data   RO          110    RESET               startup_stm32l031xx.o
    0x080000c0   0x080000c0   0x00000008   Code   RO          145  * !!!main             c_p.l(__main.o)
    0x080000c8   0x080000c8   0x0000003c   Code   RO          320    !!!scatter          c_p.l(__scatter.o)
    0x08000104   0x08000104   0x0000001c   Code   RO          322    !!handler_zi        c_p.l(__scatter_zi.o)
    0x08000120   0x08000120   0x00000002   Code   RO          183    .ARM.Collect$$libinit$$00000000  c_p.l(libinit.o)
    0x08000122   0x08000122   0x00000000   Code   RO          197    .ARM.Collect$$libinit$$00000002  c_p.l(libinit2.o)
    0x08000122   0x08000122   0x00000000   Code   RO          199    .ARM.Collect$$libinit$$00000004  c_p.l(libinit2.o)
    0x08000122   0x08000122   0x00000000   Code   RO          202    .ARM.Collect$$libinit$$0000000A  c_p.l(libinit2.o)
    0x08000122   0x08000122   0x00000000   Code   RO          204    .ARM.Collect$$libinit$$0000000C  c_p.l(libinit2.o)
    0x08000122   0x08000122   0x00000000   Code   RO          206    .ARM.Collect$$libinit$$0000000E  c_p.l(libinit2.o)
    0x08000122   0x08000122   0x00000000   Code   RO          209    .ARM.Collect$$libinit$$00000011  c_p.l(libinit2.o)
    0x08000122   0x08000122   0x00000000   Code   RO          211    .ARM.Collect$$libinit$$00000013  c_p.l(libinit2.o)
    0x08000122   0x08000122   0x00000000   Code   RO          213    .ARM.Collect$$libinit$$00000015  c_p.l(libinit2.o)
    0x08000122   0x08000122   0x00000000   Code   RO          215    .ARM.Collect$$libinit$$00000017  c_p.l(libinit2.o)
    0x08000122   0x08000122   0x00000000   Code   RO          217    .ARM.Collect$$libinit$$00000019  c_p.l(libinit2.o)
    0x08000122   0x08000122   0x00000000   Code   RO          219    .ARM.Collect$$libinit$$0000001B  c_p.l(libinit2.o)
    0x08000122   0x08000122   0x00000000   Code   RO          221    .ARM.Collect$$libinit$$0000001D  c_p.l(libinit2.o)
    0x08000122   0x08000122   0x00000000   Code   RO          223    .ARM.Collect$$libinit$$0000001F  c_p.l(libinit2.o)
    0x08000122   0x08000122   0x00000000   Code   RO          225    .ARM.Collect$$libinit$$00000021  c_p.l(libinit2.o)
    0x08000122   0x08000122   0x00000000   Code   RO          227    .ARM.Collect$$libinit$$00000023  c_p.l(libinit2.o)
    0x08000122   0x08000122   0x00000000   Code   RO          229    .ARM.Collect$$libinit$$00000025  c_p.l(libinit2.o)
    0x08000122   0x08000122   0x00000000   Code   RO          233    .ARM.Collect$$libinit$$0000002C  c_p.l(libinit2.o)
    0x08000122   0x08000122   0x00000000   Code   RO          235    .ARM.Collect$$libinit$$0000002E  c_p.l(libinit2.o)
    0x08000122   0x08000122   0x00000000   Code   RO          237    .ARM.Collect$$libinit$$00000030  c_p.l(libinit2.o)
    0x08000122   0x08000122   0x00000000   Code   RO          239    .ARM.Collect$$libinit$$00000032  c_p.l(libinit2.o)
    0x08000122   0x08000122   0x00000002   Code   RO          240    .ARM.Collect$$libinit$$00000033  c_p.l(libinit2.o)
    0x08000124   0x08000124   0x00000002   Code   RO          275    .ARM.Collect$$libshutdown$$00000000  c_p.l(libshutdown.o)
    0x08000126   0x08000126   0x00000000   Code   RO          303    .ARM.Collect$$libshutdown$$00000002  c_p.l(libshutdown2.o)
    0x08000126   0x08000126   0x00000000   Code   RO          305    .ARM.Collect$$libshutdown$$00000004  c_p.l(libshutdown2.o)
    0x08000126   0x08000126   0x00000000   Code   RO          308    .ARM.Collect$$libshutdown$$00000007  c_p.l(libshutdown2.o)
    0x08000126   0x08000126   0x00000000   Code   RO          311    .ARM.Collect$$libshutdown$$0000000A  c_p.l(libshutdown2.o)
    0x08000126   0x08000126   0x00000000   Code   RO          313    .ARM.Collect$$libshutdown$$0000000C  c_p.l(libshutdown2.o)
    0x08000126   0x08000126   0x00000000   Code   RO          316    .ARM.Collect$$libshutdown$$0000000F  c_p.l(libshutdown2.o)
    0x08000126   0x08000126   0x00000002   Code   RO          317    .ARM.Collect$$libshutdown$$00000010  c_p.l(libshutdown2.o)
    0x08000128   0x08000128   0x00000000   Code   RO          147    .ARM.Collect$$rtentry$$00000000  c_p.l(__rtentry.o)
    0x08000128   0x08000128   0x00000000   Code   RO          153    .ARM.Collect$$rtentry$$00000002  c_p.l(__rtentry2.o)
    0x08000128   0x08000128   0x00000006   Code   RO          165    .ARM.Collect$$rtentry$$00000004  c_p.l(__rtentry4.o)
    0x0800012e   0x0800012e   0x00000000   Code   RO          155    .ARM.Collect$$rtentry$$00000009  c_p.l(__rtentry2.o)
    0x0800012e   0x0800012e   0x00000004   Code   RO          156    .ARM.Collect$$rtentry$$0000000A  c_p.l(__rtentry2.o)
    0x08000132   0x08000132   0x00000000   Code   RO          158    .ARM.Collect$$rtentry$$0000000C  c_p.l(__rtentry2.o)
    0x08000132   0x08000132   0x00000008   Code   RO          159    .ARM.Collect$$rtentry$$0000000D  c_p.l(__rtentry2.o)
    0x0800013a   0x0800013a   0x00000002   Code   RO          188    .ARM.Collect$$rtexit$$00000000  c_p.l(rtexit.o)
    0x0800013c   0x0800013c   0x00000000   Code   RO          246    .ARM.Collect$$rtexit$$00000002  c_p.l(rtexit2.o)
    0x0800013c   0x0800013c   0x00000004   Code   RO          247    .ARM.Collect$$rtexit$$00000003  c_p.l(rtexit2.o)
    0x08000140   0x08000140   0x00000006   Code   RO          248    .ARM.Collect$$rtexit$$00000004  c_p.l(rtexit2.o)
    0x08000146   0x08000146   0x00000002   PAD
    0x08000148   0x08000148   0x00000038   Code   RO          111  * .text               startup_stm32l031xx.o
    0x08000180   0x08000180   0x00000006   Code   RO          143    .text               c_p.l(heapauxi.o)
    0x08000186   0x08000186   0x0000003e   Code   RO          169    .text               c_p.l(sys_stackheap_outer.o)
    0x080001c4   0x080001c4   0x00000010   Code   RO          172    .text               c_p.l(exit.o)
    0x080001d4   0x080001d4   0x00000008   Code   RO          184    .text               c_p.l(libspace.o)
    0x080001dc   0x080001dc   0x0000000c   Code   RO          241    .text               c_p.l(sys_exit.o)
    0x080001e8   0x080001e8   0x00000002   Code   RO          264    .text               c_p.l(use_no_semi.o)
    0x080001ea   0x080001ea   0x00000000   Code   RO          266    .text               c_p.l(indicate_semi.o)
    0x080001ea   0x080001ea   0x00000002   Code   RO           50    .text.SysTick_Handler  main.o
    0x080001ec   0x080001ec   0x0000004c   Code   RO          118    .text.SystemInit    system_stm32l0xx.o
    0x08000238   0x08000238   0x00000018   Code   RO            6    .text.enablePullUp  stm32l031lib.o
    0x08000250   0x08000250   0x00000010   Code   RO           18    .text.eputchar      stm32l031lib.o
    0x08000260   0x08000260   0x0000001c   Code   RO           22    .text.eputs         stm32l031lib.o
    0x0800027c   0x0800027c   0x000000a0   Code   RO           36    .text.getKeypadValue  stm32l031lib.o
    0x0800031c   0x0800031c   0x00000034   Code   RO           14    .text.initClock     stm32l031lib.o
    0x08000350   0x08000350   0x00000068   Code   RO           32    .text.initKeypad    stm32l031lib.o
    0x080003b8   0x080003b8   0x00000068   Code   RO           30    .text.initPins      stm32l031lib.o
    0x08000420   0x08000420   0x00000024   Code   RO           34    .text.initRGBLED    stm32l031lib.o
    0x08000444   0x08000444   0x00000094   Code   RO           16    .text.initSerial    stm32l031lib.o
    0x080004d8   0x080004d8   0x00000054   Code   RO           48    .text.main          main.o
    0x0800052c   0x0800052c   0x00000012   Code   RO            2    .text.pinMode       stm32l031lib.o
    0x0800053e   0x0800053e   0x0000003e   Code   RO           24    .text.printDecimal  stm32l031lib.o
    0x0800057c   0x0800057c   0x0000000a   Code   RO           12    .text.readPin       stm32l031lib.o
    0x08000586   0x08000586   0x0000000c   Code   RO           10    .text.setPinHigh    stm32l031lib.o
    0x08000592   0x08000592   0x0000000c   Code   RO            8    .text.setPinLow     stm32l031lib.o
    0x0800059e   0x0800059e   0x000001f6   Code   RO          136    .text_divfast       c_p.l(aeabi_sdivfast.o)
    0x08000794   0x08000794   0x00000010   Data   RO          319    Region$$Table       anon$$obj.o


    Execution Region ER_RW (Exec base: 0x20000000, Load base: 0x080007a4, Size: 0x00000000, Max: 0xffffffff, ABSOLUTE)

    **** No section assigned to this execution region ****


    Execution Region ER_ZI (Exec base: 0x20000000, Load base: 0x080007a4, Size: 0x00000660, Max: 0xffffffff, ABSOLUTE)

    Exec Addr    Load Addr    Size         Type   Attr      Idx    E Section Name        Object

    0x20000000        -       0x00000060   Zero   RW          185    .bss                c_p.l(libspace.o)
    0x20000060        -       0x00000200   Zero   RW          109    HEAP                startup_stm32l031xx.o
    0x20000260        -       0x00000400   Zero   RW          108    STACK               startup_stm32l031xx.o


==============================================================================

Image component sizes


      Code (inc. data)   RO Data    RW Data    ZI Data      Debug   Object Name

        86          8          0          0          0       1364   main.o
        56         26        192          0       1536        744   startup_stm32l031xx.o
       786         28          0          0          0       6112   stm32l031lib.o
        76         12          0          0          0       2627   system_stm32l0xx.o

    ----------------------------------------------------------------------
      1004         74        208          0       1536      10847   Object Totals
         0          0         16          0          0          0   (incl. Generated)
         0          0          0          0          0          0   (incl. Padding)

    ----------------------------------------------------------------------

      Code (inc. data)   RO Data    RW Data    ZI Data      Debug   Library Member Name

         8          0          0          0          0         68   __main.o
         0          0          0          0          0          0   __rtentry.o
        12          0          0          0          0          0   __rtentry2.o
         6          0          0          0          0          0   __rtentry4.o
        60          8          0          0          0          0   __scatter.o
        28          0          0          0          0          0   __scatter_zi.o
       502          0          0          0          0         92   aeabi_sdivfast.o
        16          0          0          0          0         68   exit.o
         6          0          0          0          0        136   heapauxi.o
         0          0          0          0          0          0   indicate_semi.o
         2          0          0          0          0          0   libinit.o
         2          0          0          0          0          0   libinit2.o
         2          0          0          0          0          0   libshutdown.o
         2          0          0          0          0          0   libshutdown2.o
         8          4          0          0         96         68   libspace.o
         2          0          0          0          0          0   rtexit.o
        10          0          0          0          0          0   rtexit2.o
        12          4          0          0          0         60   sys_exit.o
        62          0          0          0          0         80   sys_stackheap_outer.o
         2          0          0          0          0         68   use_no_semi.o

    ----------------------------------------------------------------------
       744         16          0          0         96        640   Library Totals
         2          0          0          0          0          0   (incl. Padding)

    ----------------------------------------------------------------------

      Code (inc. data)   RO Data    RW Data    ZI Data      Debug   Library Name

       742         16          0          0         96        640   c_p.l

    ----------------------------------------------------------------------
       744         16          0          0         96        640   Library Totals

    ----------------------------------------------------------------------

==============================================================================


      Code (inc. data)   RO Data    RW Data    ZI Data      Debug   

      1748         90        208          0       1632      11243   Grand Totals
      1748         90        208          0       1632      11243   ELF Image Totals
      1748         90        208          0          0          0   ROM Totals

==============================================================================

    Total RO  Size (Code + RO Data)                 1956 (   1.91kB)
    Total RW  Size (RW Data + ZI Data)              1632 (   1.59kB)
    Total ROM Size (Code + RO Data + RW Data)       1956 (   1.91kB)

==============================================================================

