Component: ARM Compiler 6.14 Tool: armlink [5db06800]

==============================================================================

Section Cross References

    stm32l031lib.o(.ARM.exidx.text.pinMode) refers to stm32l031lib.o(.text.pinMode) for [Anonymous Symbol]
    stm32l031lib.o(.text.Delay_Handler) refers to stm32l031lib.o(.bss.delayDuration) for [Anonymous Symbol]
    stm32l031lib.o(.ARM.exidx.text.Delay_Handler) refers to stm32l031lib.o(.text.Delay_Handler) for [Anonymous Symbol]
    stm32l031lib.o(.text.delay) refers to dflti.o(.text) for __aeabi_ui2d
    stm32l031lib.o(.text.delay) refers to ddiv.o(.text) for __aeabi_ddiv
    stm32l031lib.o(.text.delay) refers to dfixui.o(.text) for __aeabi_d2uiz
    stm32l031lib.o(.text.delay) refers to aeabi_sdivfast.o(.text) for __aeabi_uidivmod
    stm32l031lib.o(.text.delay) refers to dmul.o(.text) for __aeabi_dmul
    stm32l031lib.o(.text.delay) refers to stm32l031lib.o(.bss.delayDuration) for [Anonymous Symbol]
    stm32l031lib.o(.ARM.exidx.text.delay) refers to stm32l031lib.o(.text.delay) for [Anonymous Symbol]
    stm32l031lib.o(.ARM.exidx.text.enablePullUp) refers to stm32l031lib.o(.text.enablePullUp) for [Anonymous Symbol]
    stm32l031lib.o(.ARM.exidx.text.setPinLow) refers to stm32l031lib.o(.text.setPinLow) for [Anonymous Symbol]
    stm32l031lib.o(.ARM.exidx.text.setPinHigh) refers to stm32l031lib.o(.text.setPinHigh) for [Anonymous Symbol]
    stm32l031lib.o(.ARM.exidx.text.readPin) refers to stm32l031lib.o(.text.readPin) for [Anonymous Symbol]
    stm32l031lib.o(.text.ADCBegin) refers to stm32l031lib.o(.text.pinMode) for pinMode
    stm32l031lib.o(.ARM.exidx.text.ADCBegin) refers to stm32l031lib.o(.text.ADCBegin) for [Anonymous Symbol]
    stm32l031lib.o(.ARM.exidx.text.ADCRead) refers to stm32l031lib.o(.text.ADCRead) for [Anonymous Symbol]
    stm32l031lib.o(.ARM.exidx.text.initClock) refers to stm32l031lib.o(.text.initClock) for [Anonymous Symbol]
    stm32l031lib.o(.text.initSerial) refers to stm32l031lib.o(.text.initClock) for initClock
    stm32l031lib.o(.text.initSerial) refers to stm32l031lib.o(.text.pinMode) for pinMode
    stm32l031lib.o(.ARM.exidx.text.initSerial) refers to stm32l031lib.o(.text.initSerial) for [Anonymous Symbol]
    stm32l031lib.o(.ARM.exidx.text.eputchar) refers to stm32l031lib.o(.text.eputchar) for [Anonymous Symbol]
    stm32l031lib.o(.ARM.exidx.text.egetchar) refers to stm32l031lib.o(.text.egetchar) for [Anonymous Symbol]
    stm32l031lib.o(.text.eputs) refers to stm32l031lib.o(.text.eputchar) for eputchar
    stm32l031lib.o(.ARM.exidx.text.eputs) refers to stm32l031lib.o(.text.eputs) for [Anonymous Symbol]
    stm32l031lib.o(.text.printDecimal) refers to aeabi_sdivfast.o(.text_divfast) for __aeabi_uidiv
    stm32l031lib.o(.text.printDecimal) refers to stm32l031lib.o(.text.eputs) for eputs
    stm32l031lib.o(.ARM.exidx.text.printDecimal) refers to stm32l031lib.o(.text.printDecimal) for [Anonymous Symbol]
    stm32l031lib.o(.text.initPins) refers to stm32l031lib.o(.text.initKeypad) for initKeypad
    stm32l031lib.o(.text.initPins) refers to stm32l031lib.o(.text.initRGBLED) for initRGBLED
    stm32l031lib.o(.text.initPins) refers to stm32l031lib.o(.text.pinMode) for pinMode
    stm32l031lib.o(.ARM.exidx.text.initPins) refers to stm32l031lib.o(.text.initPins) for [Anonymous Symbol]
    stm32l031lib.o(.text.initKeypad) refers to stm32l031lib.o(.text.pinMode) for pinMode
    stm32l031lib.o(.text.initKeypad) refers to stm32l031lib.o(.text.enablePullUp) for enablePullUp
    stm32l031lib.o(.ARM.exidx.text.initKeypad) refers to stm32l031lib.o(.text.initKeypad) for [Anonymous Symbol]
    stm32l031lib.o(.text.initRGBLED) refers to stm32l031lib.o(.text.pinMode) for pinMode
    stm32l031lib.o(.ARM.exidx.text.initRGBLED) refers to stm32l031lib.o(.text.initRGBLED) for [Anonymous Symbol]
    stm32l031lib.o(.text.getKeypadValue) refers to stm32l031lib.o(.text.setPinHigh) for setPinHigh
    stm32l031lib.o(.text.getKeypadValue) refers to stm32l031lib.o(.text.setPinLow) for setPinLow
    stm32l031lib.o(.text.getKeypadValue) refers to stm32l031lib.o(.text.readPin) for readPin
    stm32l031lib.o(.text.getKeypadValue) refers to stm32l031lib.o(.text.delay) for delay
    stm32l031lib.o(.text.getKeypadValue) refers to stm32l031lib.o(.text.eputs) for eputs
    stm32l031lib.o(.text.getKeypadValue) refers to stm32l031lib.o(.text.printDecimal) for printDecimal
    stm32l031lib.o(.ARM.exidx.text.getKeypadValue) refers to stm32l031lib.o(.text.getKeypadValue) for [Anonymous Symbol]
    stm32l031lib.o(.text.setRGBLED) refers to stm32l031lib.o(.text.setPinHigh) for setPinHigh
    stm32l031lib.o(.text.setRGBLED) refers to stm32l031lib.o(.text.setPinLow) for setPinLow
    stm32l031lib.o(.ARM.exidx.text.setRGBLED) refers to stm32l031lib.o(.text.setRGBLED) for [Anonymous Symbol]
    main.o(.text.main) refers to stm32l031lib.o(.text.initPins) for initPins
    main.o(.text.main) refers to stm32l031lib.o(.text.initClock) for initClock
[...]
    music.o(.text.playMusic) refers to music.o(.bss.music.0) for [Anonymous Symbol]
    music.o(.text.playMusic) refers to music.o(.bss.music.2) for [Anonymous Symbol]
    music.o(.ARM.exidx.text.playMusic) refers to music.o(.text.playMusic) for [Anonymous Symbol]
    music.o(.text.playSFX) refers to music.o(.bss.SFX.2) for [Anonymous Symbol]
    music.o(.text.playSFX) refers to music.o(.bss.SFX.0) for [Anonymous Symbol]
    music.o(.ARM.exidx.text.playSFX) refers to music.o(.text.playSFX) for [Anonymous Symbol]
    music.o(.text.Audio_Handler) refers to aeabi_sdivfast.o(.text_divfast) for __aeabi_uidiv
    music.o(.text.Audio_Handler) refers to dflti.o(.text) for __aeabi_ui2d
    music.o(.text.Audio_Handler) refers to dmul.o(.text) for __aeabi_dmul
    music.o(.text.Audio_Handler) refers to ddiv.o(.text) for __aeabi_ddiv
    music.o(.text.Audio_Handler) refers to dfixui.o(.text) for __aeabi_d2uiz
    music.o(.text.Audio_Handler) refers to music.o(.bss.SFX.0) for [Anonymous Symbol]
    music.o(.text.Audio_Handler) refers to music.o(.bss.SFX.2) for [Anonymous Symbol]
    music.o(.text.Audio_Handler) refers to music.o(.bss.Audio_Handler.soundDuration) for [Anonymous Symbol]
    music.o(.text.Audio_Handler) refers to music.o(.bss.Audio_Handler.pitch) for [Anonymous Symbol]
    music.o(.text.Audio_Handler) refers to music.o(.bss.speakerPin) for [Anonymous Symbol]
    music.o(.text.Audio_Handler) refers to music.o(.bss.speakerPort) for [Anonymous Symbol]
    music.o(.text.Audio_Handler) refers to music.o(.bss.music.0) for [Anonymous Symbol]
    music.o(.text.Audio_Handler) refers to music.o(.bss.music.2) for [Anonymous Symbol]
    music.o(.text.Audio_Handler) refers to music.o(.bss.music.1) for [Anonymous Symbol]
    music.o(.ARM.exidx.text.Audio_Handler) refers to music.o(.text.Audio_Handler) for [Anonymous Symbol]
    startup_stm32l031xx.o(STACK) refers (Special) to heapauxi.o(.text) for __use_two_region_memory
    startup_stm32l031xx.o(HEAP) refers (Special) to heapauxi.o(.text) for __use_two_region_memory
    startup_stm32l031xx.o(RESET) refers (Special) to heapauxi.o(.text) for __use_two_region_memory
    startup_stm32l031xx.o(RESET) refers to startup_stm32l031xx.o(STACK) for __initial_sp
    startup_stm32l031xx.o(RESET) refers to startup_stm32l031xx.o(.text) for Reset_Handler
    startup_stm32l031xx.o(RESET) refers to main.o(.text.SysTick_Handler) for SysTick_Handler
    startup_stm32l031xx.o(.text) refers (Special) to heapauxi.o(.text) for __use_two_region_memory
    startup_stm32l031xx.o(.text) refers to system_stm32l0xx.o(.text.SystemInit) for SystemInit
    startup_stm32l031xx.o(.text) refers to __main.o(!!!main) for __main
    startup_stm32l031xx.o(.text) refers to startup_stm32l031xx.o(HEAP) for Heap_Mem
    startup_stm32l031xx.o(.text) refers to startup_stm32l031xx.o(STACK) for Stack_Mem
    system_stm32l0xx.o(.ARM.exidx.text.SystemInit) refers to system_stm32l0xx.o(.text.SystemInit) for [Anonymous Symbol]
    system_stm32l0xx.o(.text.SystemCoreClockUpdate) refers to aeabi_sdivfast.o(.text_divfast) for __aeabi_uidiv
    system_stm32l0xx.o(.text.SystemCoreClockUpdate) refers to system_stm32l0xx.o(.rodata.PLLMulTable) for PLLMulTable
    system_stm32l0xx.o(.text.SystemCoreClockUpdate) refers to system_stm32l0xx.o(.data.SystemCoreClock) for SystemCoreClock
    system_stm32l0xx.o(.text.SystemCoreClockUpdate) refers to system_stm32l0xx.o(.rodata.AHBPrescTable) for AHBPrescTable
    system_stm32l0xx.o(.ARM.exidx.text.SystemCoreClockUpdate) refers to system_stm32l0xx.o(.text.SystemCoreClockUpdate) for [Anonymous Symbol]
    __main.o(!!!main) refers to __rtentry.o(.ARM.Collect$$rtentry$$00000000) for __rt_entry
    ddiv.o(.text) refers (Special) to usenofp.o(x$fpl$usenofp) for __I$use$fp
    ddiv.o(.text) refers to ddiv.o(.constdata) for .constdata
    ddiv.o(.constdata) refers (Special) to usenofp.o(x$fpl$usenofp) for __I$use$fp
    dfixui.o(.text) refers (Special) to usenofp.o(x$fpl$usenofp) for __I$use$fp
    dflti.o(.text) refers (Special) to usenofp.o(x$fpl$usenofp) for __I$use$fp
    dmul.o(.text) refers (Special) to usenofp.o(x$fpl$usenofp) for __I$use$fp
    __rtentry.o(.ARM.Collect$$rtentry$$00000000) refers (Special) to __rtentry2.o(.ARM.Collect$$rtentry$$0000000A) for __rt_entry_li
    __rtentry.o(.ARM.Collect$$rtentry$$00000000) refers (Special) to __rtentry2.o(.ARM.Collect$$rtentry$$0000000D) for __rt_entry_main
    __rtentry.o(.ARM.Collect$$rtentry$$00000000) refers (Special) to __rtentry2.o(.ARM.Collect$$rtentry$$0000000C) for __rt_entry_postli_1
    __rtentry.o(.ARM.Collect$$rtentry$$00000000) refers (Special) to __rtentry2.o(.ARM.Collect$$rtentry$$00000009) for __rt_entry_postsh_1
    __rtentry.o(.ARM.Collect$$rtentry$$00000000) refers (Special) to __rtentry2.o(.ARM.Collect$$rtentry$$00000002) for __rt_entry_presh_1
    __rtentry.o(.ARM.Collect$$rtentry$$00000000) refers (Special) to __rtentry4.o(.ARM.Collect$$rtentry$$00000004) for __rt_entry_sh
    aeabi_idiv0_sigfpe.o(.text) refers to rt_div0.o(.text) for __rt_div0
    __rtentry2.o(.ARM.Collect$$rtentry$$00000008) refers to boardinit2.o(.text) for _platform_post_stackheap_init
    __rtentry2.o(.ARM.Collect$$rtentry$$0000000A) refers to libinit.o(.ARM.Collect$$libinit$$00000000) for __rt_lib_init
    __rtentry2.o(.ARM.Collect$$rtentry$$0000000B) refers to boardinit3.o(.text) for _platform_post_lib_init
    __rtentry2.o(.ARM.Collect$$rtentry$$0000000D) refers to main.o(.text.main) for main
    __rtentry2.o(.ARM.Collect$$rtentry$$0000000D) refers to exit.o(.text) for exit
    __rtentry2.o(.ARM.exidx) refers to __rtentry2.o(.ARM.Collect$$rtentry$$00000001) for .ARM.Collect$$rtentry$$00000001
    __rtentry2.o(.ARM.exidx) refers to __rtentry2.o(.ARM.Collect$$rtentry$$00000008) for .ARM.Collect$$rtentry$$00000008
    __rtentry2.o(.ARM.exidx) refers to __rtentry2.o(.ARM.Collect$$rtentry$$0000000A) for .ARM.Collect$$rtentry$$0000000A
    __rtentry2.o(.ARM.exidx) refers to __rtentry2.o(.ARM.Collect$$rtentry$$0000000B) for .ARM.Collect$$rtentry$$0000000B
    __rtentry2.o(.ARM.exidx) refers to __rtentry2.o(.ARM.Collect$$rtentry$$0000000D) for .ARM.Collect$$rtentry$$0000000D
    __rtentry4.o(.ARM.Collect$$rtentry$$00000004) refers to sys_stackheap_outer.o(.text) for __user_setup_stackheap
    __rtentry4.o(.ARM.exidx) refers to __rtentry4.o(.ARM.Collect$$rtentry$$00000004) for .ARM.Collect$$rtentry$$00000004
    rt_div0.o(.text) refers to defsig_fpe_outer.o(.text) for __rt_SIGFPE
    sys_stackheap_outer.o(.text) refers to libspace.o(.text) for __user_perproc_libspace
    sys_stackheap_outer.o(.text) refers to startup_stm32l031xx.o(.text) for __user_initial_stackheap
    sys_stackheap_outer.o(__vectab_stack_and_reset_area) refers to tempstk.o(.text) for __temporary_stack_top
    sys_stackheap_outer.o(__vectab_stack_and_reset_area) refers to __main.o(!!!main) for __main
    exit.o(.text) refers to rtexit.o(.ARM.Collect$$rtexit$$00000000) for __rt_exit
    defsig_fpe_outer.o(.text) refers to defsig_fpe_inner.o(.text) for __rt_SIGFPE_inner
    defsig_fpe_outer.o(.text) refers to defsig_exit.o(.text) for __sig_exit
    defsig_fpe_formal.o(.text) refers to rt_raise.o(.text) for __rt_raise
    libinit.o(.ARM.Collect$$libinit$$00000000) refers (Special) to libinit2.o(.ARM.Collect$$libinit$$0000002E) for __rt_lib_init_alloca_1
    libinit.o(.ARM.Collect$$libinit$$00000000) refers (Special) to libinit2.o(.ARM.Collect$$libinit$$0000002C) for __rt_lib_init_argv_1
    libinit.o(.ARM.Collect$$libinit$$00000000) refers (Special) to libinit2.o(.ARM.Collect$$libinit$$0000001B) for __rt_lib_init_atexit_1
    libinit.o(.ARM.Collect$$libinit$$00000000) refers (Special) to libinit2.o(.ARM.Collect$$libinit$$00000021) for __rt_lib_init_clock_1
    libinit.o(.ARM.Collect$$libinit$$00000000) refers (Special) to libinit2.o(.ARM.Collect$$libinit$$00000032) for __rt_lib_init_cpp_1
    libinit.o(.ARM.Collect$$libinit$$00000000) refers (Special) to libinit2.o(.ARM.Collect$$libinit$$00000030) for __rt_lib_init_exceptions_1
    libinit.o(.ARM.Collect$$libinit$$00000000) refers (Special) to libinit2.o(.ARM.Collect$$libinit$$00000002) for __rt_lib_init_fp_1
    libinit.o(.ARM.Collect$$libinit$$00000000) refers (Special) to libinit2.o(.ARM.Collect$$libinit$$0000001F) for __rt_lib_init_fp_trap_1
    libinit.o(.ARM.Collect$$libinit$$00000000) refers (Special) to libinit2.o(.ARM.Collect$$libinit$$00000023) for __rt_lib_init_getenv_1
    libinit.o(.ARM.Collect$$libinit$$00000000) refers (Special) to libinit2.o(.ARM.Collect$$libinit$$0000000A) for __rt_lib_init_heap_1
    libinit.o(.ARM.Collect$$libinit$$00000000) refers (Special) to libinit2.o(.ARM.Collect$$libinit$$00000011) for __rt_lib_init_lc_collate_1
    libinit.o(.ARM.Collect$$libinit$$00000000) refers (Special) to libinit2.o(.ARM.Collect$$libinit$$00000013) for __rt_lib_init_lc_ctype_1
    libinit.o(.ARM.Collect$$libinit$$00000000) refers (Special) to libinit2.o(.ARM.Collect$$libinit$$00000015) for __rt_lib_init_lc_monetary_1
    libinit.o(.ARM.Collect$$libinit$$00000000) refers (Special) to libinit2.o(.ARM.Collect$$libinit$$00000017) for __rt_lib_init_lc_numeric_1
    libinit.o(.ARM.Collect$$libinit$$00000000) refers (Special) to libinit2.o(.ARM.Collect$$libinit$$00000019) for __rt_lib_init_lc_time_1
    libinit.o(.ARM.Collect$$libinit$$00000000) refers (Special) to libinit2.o(.ARM.Collect$$libinit$$00000004) for __rt_lib_init_preinit_1
    libinit.o(.ARM.Collect$$libinit$$00000000) refers (Special) to libinit2.o(.ARM.Collect$$libinit$$0000000E) for __rt_lib_init_rand_1
    libinit.o(.ARM.Collect$$libinit$$00000000) refers (Special) to libinit2.o(.ARM.Collect$$libinit$$00000033) for __rt_lib_init_return
    libinit.o(.ARM.Collect$$libinit$$00000000) refers (Special) to libinit2.o(.ARM.Collect$$libinit$$0000001D) for __rt_lib_init_signal_1
    libinit.o(.ARM.Collect$$libinit$$00000000) refers (Special) to libinit2.o(.ARM.Collect$$libinit$$00000025) for __rt_lib_init_stdio_1
    libinit.o(.ARM.Collect$$libinit$$00000000) refers (Special) to libinit2.o(.ARM.Collect$$libinit$$0000000C) for __rt_lib_init_user_alloc_1
    libspace.o(.text) refers to libspace.o(.bss) for __libspace_start
    rtexit.o(.ARM.Collect$$rtexit$$00000000) refers (Special) to rtexit2.o(.ARM.Collect$$rtexit$$00000004) for __rt_exit_exit
    rtexit.o(.ARM.Collect$$rtexit$$00000000) refers (Special) to rtexit2.o(.ARM.Collect$$rtexit$$00000003) for __rt_exit_ls
    rtexit.o(.ARM.Collect$$rtexit$$00000000) refers (Special) to rtexit2.o(.ARM.Collect$$rtexit$$00000002) for __rt_exit_prels_1
    rtexit.o(.ARM.exidx) refers (Special) to rtexit2.o(.ARM.Collect$$rtexit$$00000004) for __rt_exit_exit
    rtexit.o(.ARM.exidx) refers (Special) to rtexit2.o(.ARM.Collect$$rtexit$$00000003) for __rt_exit_ls
    rtexit.o(.ARM.exidx) refers (Special) to rtexit2.o(.ARM.Collect$$rtexit$$00000002) for __rt_exit_prels_1
    rtexit.o(.ARM.exidx) refers to rtexit.o(.ARM.Collect$$rtexit$$00000000) for .ARM.Collect$$rtexit$$00000000
    rt_raise.o(.text) refers to __raise.o(.text) for __raise
    rt_raise.o(.text) refers to sys_exit.o(.text) for _sys_exit
    defsig_exit.o(.text) refers to sys_exit.o(.text) for _sys_exit
    defsig_fpe_inner.o(.text) refers to defsig_general.o(.text) for __default_signal_display
    libinit2.o(.ARM.Collect$$libinit$$00000010) refers to libinit2.o(.ARM.Collect$$libinit$$0000000F) for .ARM.Collect$$libinit$$0000000F
    libinit2.o(.ARM.Collect$$libinit$$00000012) refers to libinit2.o(.ARM.Collect$$libinit$$0000000F) for .ARM.Collect$$libinit$$0000000F
    libinit2.o(.ARM.Collect$$libinit$$00000014) refers to libinit2.o(.ARM.Collect$$libinit$$0000000F) for .ARM.Collect$$libinit$$0000000F
    libinit2.o(.ARM.Collect$$libinit$$00000016) refers to libinit2.o(.ARM.Collect$$libinit$$0000000F) for .ARM.Collect$$libinit$$0000000F
    libinit2.o(.ARM.Collect$$libinit$$00000018) refers to libinit2.o(.ARM.Collect$$libinit$$0000000F) for .ARM.Collect$$libinit$$0000000F
    libinit2.o(.ARM.Collect$$libinit$$00000026) refers to argv_veneer.o(.text) for __ARM_argv_veneer
    libinit2.o(.ARM.Collect$$libinit$$00000027) refers to argv_veneer.o(.text) for __ARM_argv_veneer
    sys_exit.o(.text) refers (Special) to use_no_semi.o(.text) for __I$use$semihosting
    sys_exit.o(.text) refers (Special) to indicate_semi.o(.text) for __semihosting_library_function
    sys_exit_hlt.o(.text) refers (Special) to use_no_semi.o(.text) for __I$use$semihosting
    sys_exit_hlt.o(.text) refers (Special) to indicate_semi.o(.text) for __semihosting_library_function
    rtexit2.o(.ARM.Collect$$rtexit$$00000003) refers to libshutdown.o(.ARM.Collect$$libshutdown$$00000000) for __rt_lib_shutdown
    rtexit2.o(.ARM.Collect$$rtexit$$00000004) refers to sys_exit.o(.text) for _sys_exit
    rtexit2.o(.ARM.exidx) refers to rtexit2.o(.ARM.Collect$$rtexit$$00000001) for .ARM.Collect$$rtexit$$00000001
    rtexit2.o(.ARM.exidx) refers to rtexit2.o(.ARM.Collect$$rtexit$$00000003) for .ARM.Collect$$rtexit$$00000003
    rtexit2.o(.ARM.exidx) refers to rtexit2.o(.ARM.Collect$$rtexit$$00000004) for .ARM.Collect$$rtexit$$00000004
    __raise.o(.text) refers to defsig.o(CL$$defsig) for __default_signal_handler
    defsig_general.o(.text) refers to sys_wrch.o(.text) for _ttywrch
    sys_wrch.o(.text) refers (Special) to use_no_semi.o(.text) for __I$use$semihosting
    sys_wrch.o(.text) refers (Special) to indicate_semi.o(.text) for __semihosting_library_function
    sys_wrch_hlt.o(.text) refers (Special) to use_no_semi.o(.text) for __I$use$semihosting
    sys_wrch_hlt.o(.text) refers (Special) to indicate_semi.o(.text) for __semihosting_library_function
    defsig.o(CL$$defsig) refers to defsig_fpe_inner.o(.text) for __rt_SIGFPE_inner
    defsig.o(CL$$defsig) refers to defsig_rtmem_inner.o(.text) for __rt_SIGRTMEM_inner
    _get_argv_nomalloc.o(.text) refers (Special) to hrguard.o(.text) for __heap_region$guard
    _get_argv_nomalloc.o(.text) refers to defsig_rtmem_outer.o(.text) for __rt_SIGRTMEM
    _get_argv_nomalloc.o(.text) refers to sys_command.o(.text) for _sys_command_string
    libshutdown.o(.ARM.Collect$$libshutdown$$00000000) refers (Special) to libshutdown2.o(.ARM.Collect$$libshutdown$$00000002) for __rt_lib_shutdown_cpp_1
    libshutdown.o(.ARM.Collect$$libshutdown$$00000000) refers (Special) to libshutdown2.o(.ARM.Collect$$libshutdown$$00000007) for __rt_lib_shutdown_fp_trap_1
    libshutdown.o(.ARM.Collect$$libshutdown$$00000000) refers (Special) to libshutdown2.o(.ARM.Collect$$libshutdown$$0000000F) for __rt_lib_shutdown_heap_1
    libshutdown.o(.ARM.Collect$$libshutdown$$00000000) refers (Special) to libshutdown2.o(.ARM.Collect$$libshutdown$$00000010) for __rt_lib_shutdown_return
    libshutdown.o(.ARM.Collect$$libshutdown$$00000000) refers (Special) to libshutdown2.o(.ARM.Collect$$libshutdown$$0000000A) for __rt_lib_shutdown_signal_1
    libshutdown.o(.ARM.Collect$$libshutdown$$00000000) refers (Special) to libshutdown2.o(.ARM.Collect$$libshutdown$$00000004) for __rt_lib_shutdown_stdio_1
    libshutdown.o(.ARM.Collect$$libshutdown$$00000000) refers (Special) to libshutdown2.o(.ARM.Collect$$libshutdown$$0000000C) for __rt_lib_shutdown_user_alloc_1
    sys_command.o(.text) refers (Special) to use_no_semi.o(.text) for __I$use$semihosting
    sys_command.o(.text) refers (Special) to indicate_semi.o(.text) for __semihosting_library_function
    sys_command_hlt.o(.text) refers (Special) to use_no_semi.o(.text) for __I$use$semihosting
    sys_command_hlt.o(.text) refers (Special) to indicate_semi.o(.text) for __semihosting_library_function
    defsig_abrt_inner.o(.text) refers to defsig_general.o(.text) for __default_signal_display
    defsig_rtred_inner.o(.text) refers to defsig_general.o(.text) for __default_signal_display
    defsig_rtmem_inner.o(.text) refers to defsig_general.o(.text) for __default_signal_display
    defsig_rtmem_outer.o(.text) refers to defsig_rtmem_inner.o(.text) for __rt_SIGRTMEM_inner
    defsig_rtmem_outer.o(.text) refers to defsig_exit.o(.text) for __sig_exit
    defsig_rtmem_formal.o(.text) refers to rt_raise.o(.text) for __rt_raise
    defsig_stak_inner.o(.text) refers to defsig_general.o(.text) for __default_signal_display
    defsig_pvfn_inner.o(.text) refers to defsig_general.o(.text) for __default_signal_display
    defsig_cppl_inner.o(.text) refers to defsig_general.o(.text) for __default_signal_display
    defsig_segv_inner.o(.text) refers to defsig_general.o(.text) for __default_signal_display
    defsig_other.o(.text) refers to defsig_general.o(.text) for __default_signal_display


==============================================================================

Removing Unused input sections from the image.

    Removing stm32l031lib.o(.text), (0 bytes).
    Removing stm32l031lib.o(.ARM.exidx.text.pinMode), (8 bytes).
    Removing stm32l031lib.o(.ARM.exidx.text.Delay_Handler), (8 bytes).
    Removing stm32l031lib.o(.ARM.exidx.text.delay), (8 bytes).
    Removing stm32l031lib.o(.ARM.exidx.text.enablePullUp), (8 bytes).
    Removing stm32l031lib.o(.ARM.exidx.text.setPinLow), (8 bytes).
    Removing stm32l031lib.o(.ARM.exidx.text.setPinHigh), (8 bytes).
    Removing stm32l031lib.o(.text.readPin), (10 bytes).
    Removing stm32l031lib.o(.ARM.exidx.text.readPin), (8 bytes).
    Removing stm32l031lib.o(.ARM.exidx.text.ADCBegin), (8 bytes).
    Removing stm32l031lib.o(.ARM.exidx.text.ADCRead), (8 bytes).
    Removing stm32l031lib.o(.ARM.exidx.text.initClock), (8 bytes).
    Removing stm32l031lib.o(.ARM.exidx.text.initSerial), (8 bytes).
    Removing stm32l031lib.o(.ARM.exidx.text.eputchar), (8 bytes).
    Removing stm32l031lib.o(.ARM.exidx.text.egetchar), (8 bytes).
    Removing stm32l031lib.o(.ARM.exidx.text.eputs), (8 bytes).
    Removing stm32l031lib.o(.ARM.exidx.text.printDecimal), (8 bytes).
    Removing stm32l031lib.o(.ARM.exidx.text.initPins), (8 bytes).
    Removing stm32l031lib.o(.ARM.exidx.text.initKeypad), (8 bytes).
    Removing stm32l031lib.o(.ARM.exidx.text.initRGBLED), (8 bytes).
    Removing stm32l031lib.o(.text.getKeypadValue), (208 bytes).
    Removing stm32l031lib.o(.ARM.exidx.text.getKeypadValue), (8 bytes).
    Removing stm32l031lib.o(.ARM.exidx.text.setRGBLED), (8 bytes).
    Removing main.o(.text), (0 bytes).
    Removing main.o(.ARM.exidx.text.main), (8 bytes).
    Removing main.o(.ARM.exidx.text.SysTick_Handler), (8 bytes).
    Removing main.o(.ARM.use_no_argv), (4 bytes).
    Removing realm.o(.text), (0 bytes).
    Removing realm.o(.ARM.exidx.text.runGame), (8 bytes).
    Removing realm.o(.ARM.exidx.text.randomize), (8 bytes).
    Removing realm.o(.ARM.exidx.text.showHelp), (8 bytes).
    Removing realm.o(.ARM.exidx.text.showGameMessage), (8 bytes).
    Removing realm.o(.ARM.exidx.text.getUserInput), (8 bytes).
    Removing realm.o(.ARM.exidx.text.initRealm), (8 bytes).
    Removing realm.o(.ARM.exidx.text.initPlayer), (8 bytes).
    Removing realm.o(.ARM.exidx.text.showPlayer), (8 bytes).
    Removing realm.o(.ARM.exidx.text.showRealm), (8 bytes).
    Removing realm.o(.ARM.exidx.text.step), (8 bytes).
    Removing realm.o(.ARM.exidx.text.doChallenge), (8 bytes).
    Removing realm.o(.ARM.exidx.text.setHealth), (8 bytes).
    Removing realm.o(.ARM.exidx.text.setStrength), (8 bytes).
    Removing realm.o(.ARM.exidx.text.addWeapon), (8 bytes).
    Removing realm.o(.ARM.exidx.text.random), (8 bytes).
    Removing realm.o(.ARM.exidx.text.getWeaponName), (8 bytes).
    Removing realm.o(.text.zap), (2 bytes).
    Removing realm.o(.ARM.exidx.text.zap), (8 bytes).
    Removing realm.o(.ARM.exidx.text.prbs), (8 bytes).
    Removing music.o(.text), (0 bytes).
    Removing music.o(.ARM.exidx.text.initAudio), (8 bytes).
    Removing music.o(.ARM.exidx.text.playMusic), (8 bytes).
    Removing music.o(.ARM.exidx.text.playSFX), (8 bytes).
    Removing music.o(.ARM.exidx.text.Audio_Handler), (8 bytes).
    Removing system_stm32l0xx.o(.text), (0 bytes).
    Removing system_stm32l0xx.o(.ARM.exidx.text.SystemInit), (8 bytes).
    Removing system_stm32l0xx.o(.text.SystemCoreClockUpdate), (172 bytes).
    Removing system_stm32l0xx.o(.ARM.exidx.text.SystemCoreClockUpdate), (8 bytes).
    Removing system_stm32l0xx.o(.data.SystemCoreClock), (4 bytes).
    Removing system_stm32l0xx.o(.rodata.AHBPrescTable), (16 bytes).
    Removing system_stm32l0xx.o(.rodata.APBPrescTable), (8 bytes).
    Removing system_stm32l0xx.o(.rodata.PLLMulTable), (9 bytes).

60 unused section(s) (total 801 bytes) removed from the image.

==============================================================================

Image Symbol Table

    Local Symbols

    Symbol Name                              Value     Ov Type        Size  Object(Section)

    ../clib/angel/boardlib.s                 0x00000000   Number         0  boardinit1.o ABSOLUTE
    ../clib/angel/boardlib.s                 0x00000000   Number         0  boardinit2.o ABSOLUTE
    ../clib/angel/boardlib.s                 0x00000000   Number         0  boardinit3.o ABSOLUTE
    ../clib/angel/boardlib.s                 0x00000000   Number         0  boardshut.o ABSOLUTE
    ../clib/angel/handlers.s                 0x00000000   Number         0  __scatter_copy.o ABSOLUTE
    ../clib/angel/handlers.s                 0x00000000   Number         0  __scatter_zi.o ABSOLUTE
    ../clib/angel/kernel.s                   0x00000000   Number         0  __rtentry.o ABSOLUTE
    ../clib/angel/kernel.s                   0x00000000   Number         0  __rtentry2.o ABSOLUTE
    ../clib/angel/kernel.s                   0x00000000   Number         0  __rtentry4.o ABSOLUTE
    ../clib/angel/kernel.s                   0x00000000   Number         0  rtexit.o ABSOLUTE
    ../clib/angel/kernel.s                   0x00000000   Number         0  rtexit2.o ABSOLUTE
    ../clib/angel/rt.s                       0x00000000   Number         0  aeabi_idiv0.o ABSOLUTE
    ../clib/angel/rt.s                       0x00000000   Number         0  aeabi_idiv0_sigfpe.o ABSOLUTE
    ../clib/angel/rt.s                       0x00000000   Number         0  rt_div0.o ABSOLUTE
    ../clib/angel/rt.s                       0x00000000   Number         0  rt_raise.o ABSOLUTE
    ../clib/angel/scatterp.s                 0x00000000   Number         0  __scatter.o ABSOLUTE
    ../clib/angel/startup.s                  0x00000000   Number         0  __main.o ABSOLUTE
    ../clib/angel/sys.s                      0x00000000   Number         0  sys_stackheap_outer.o ABSOLUTE
    ../clib/angel/sys.s                      0x00000000   Number         0  libspace.o ABSOLUTE
    ../clib/angel/sys.s                      0x00000000   Number         0  tempstk.o ABSOLUTE
    ../clib/angel/sys.s                      0x00000000   Number         0  use_no_semi.o ABSOLUTE
    ../clib/angel/sys.s                      0x00000000   Number         0  indicate_semi.o ABSOLUTE
    ../clib/angel/sysapp.c                   0x00000000   Number         0  sys_exit.o ABSOLUTE
    ../clib/angel/sysapp.c                   0x00000000   Number         0  sys_exit_hlt.o ABSOLUTE
    ../clib/angel/sysapp.c                   0x00000000   Number         0  sys_wrch.o ABSOLUTE
    ../clib/angel/sysapp.c                   0x00000000   Number         0  sys_wrch_hlt.o ABSOLUTE
    ../clib/angel/sysapp.c                   0x00000000   Number         0  sys_command.o ABSOLUTE
    ../clib/angel/sysapp.c                   0x00000000   Number         0  sys_command_hlt.o ABSOLUTE
    ../clib/armsys.c                         0x00000000   Number         0  argv_veneer.o ABSOLUTE
    ../clib/armsys.c                         0x00000000   Number         0  _get_argv_nomalloc.o ABSOLUTE
    ../clib/armsys.c                         0x00000000   Number         0  no_argv.o ABSOLUTE
    ../clib/division.s                       0x00000000   Number         0  aeabi_sdivfast.o ABSOLUTE
    ../clib/division.s                       0x00000000   Number         0  aeabi_sdivfast_div0.o ABSOLUTE
    ../clib/heapalloc.c                      0x00000000   Number         0  hrguard.o ABSOLUTE
    ../clib/heapaux.c                        0x00000000   Number         0  heapauxi.o ABSOLUTE
    ../clib/libinit.s                        0x00000000   Number         0  libinit.o ABSOLUTE
    ../clib/libinit.s                        0x00000000   Number         0  libinit2.o ABSOLUTE
    ../clib/libinit.s                        0x00000000   Number         0  libshutdown.o ABSOLUTE
    ../clib/libinit.s                        0x00000000   Number         0  libshutdown2.o ABSOLUTE
    ../clib/signal.c                         0x00000000   Number         0  defsig_fpe_outer.o ABSOLUTE
    ../clib/signal.c                         0x00000000   Number         0  defsig_fpe_formal.o ABSOLUTE
    ../clib/signal.c                         0x00000000   Number         0  defsig_exit.o ABSOLUTE
    ../clib/signal.c                         0x00000000   Number         0  defsig_fpe_inner.o ABSOLUTE
    ../clib/signal.c                         0x00000000   Number         0  __raise.o ABSOLUTE
    ../clib/signal.c                         0x00000000   Number         0  defsig_general.o ABSOLUTE
    ../clib/signal.c                         0x00000000   Number         0  defsig_abrt_inner.o ABSOLUTE
    ../clib/signal.c                         0x00000000   Number         0  defsig_rtred_inner.o ABSOLUTE
    ../clib/signal.c                         0x00000000   Number         0  defsig_rtmem_inner.o ABSOLUTE
    ../clib/signal.c                         0x00000000   Number         0  defsig_rtmem_outer.o ABSOLUTE
    ../clib/signal.c                         0x00000000   Number         0  defsig_rtmem_formal.o ABSOLUTE
    ../clib/signal.c                         0x00000000   Number         0  defsig_stak_inner.o ABSOLUTE
    ../clib/signal.c                         0x00000000   Number         0  defsig_pvfn_inner.o ABSOLUTE
    ../clib/signal.c                         0x00000000   Number         0  defsig_cppl_inner.o ABSOLUTE
    ../clib/signal.c                         0x00000000   Number         0  defsig_segv_inner.o ABSOLUTE
    ../clib/signal.c                         0x00000000   Number         0  defsig_other.o ABSOLUTE
    ../clib/signal.s                         0x00000000   Number         0  defsig.o ABSOLUTE
    ../clib/stdlib.c                         0x00000000   Number         0  exit.o ABSOLUTE
    ../fplib/cfplib/ddiv.c                   0x00000000   Number         0  ddiv.o ABSOLUTE
    ../fplib/cfplib/dmul.c                   0x00000000   Number         0  dmul.o ABSOLUTE
    ../fplib/cfplib/ffix.c                   0x00000000   Number         0  dfixui.o ABSOLUTE
    ../fplib/cfplib/fflt.c                   0x00000000   Number         0  dflti.o ABSOLUTE
    ../fplib/cfplib/fpinit.c                 0x00000000   Number         0  fpinit.o ABSOLUTE
    ../fplib/usenofp.s                       0x00000000   Number         0  usenofp.o ABSOLUTE
    RTE/Device/STM32L031K6Tx/startup_stm32l031xx.s 0x00000000   Number         0  startup_stm32l031xx.o ABSOLUTE
    dc.s                                     0x00000000   Number         0  dc.o ABSOLUTE
    main.c                                   0x00000000   Number         0  main.o ABSOLUTE
    music.c                                  0x00000000   Number         0  music.o ABSOLUTE
    realm.c                                  0x00000000   Number         0  realm.o ABSOLUTE
    stm32l031lib.c                           0x00000000   Number         0  stm32l031lib.o ABSOLUTE
    system_stm32l0xx.c                       0x00000000   Number         0  system_stm32l0xx.o ABSOLUTE
    RESET                                    0x08000000   Section      192  startup_stm32l031xx.o(RESET)
    !!!main                                  0x080000c0   Section        8  __main.o(!!!main)
    !!!scatter                               0x080000c8   Section       60  __scatter.o(!!!scatter)
    !!handler_copy                           0x08000104   Section       26  __scatter_copy.o(!!handler_copy)
    !!handler_zi                             0x08000120   Section       28  __scatter_zi.o(!!handler_zi)
    .ARM.Collect$$libinit$$00000000          0x0800013c   Section        2  libinit.o(.ARM.Collect$$libinit$$00000000)
    .ARM.Collect$$libinit$$00000002          0x0800013e   Section        0  libinit2.o(.ARM.Collect$$libinit$$00000002)
    .ARM.Collect$$libinit$$00000004          0x0800013e   Section        0  libinit2.o(.ARM.Collect$$libinit$$00000004)
    .ARM.Collect$$libinit$$0000000A          0x0800013e   Section        0  libinit2.o(.ARM.Collect$$libinit$$0000000A)
    .ARM.Collect$$libinit$$0000000C          0x0800013e   Section        0  libinit2.o(.ARM.Collect$$libinit$$0000000C)
    .ARM.Collect$$libinit$$0000000E          0x0800013e   Section        0  libinit2.o(.ARM.Collect$$libinit$$0000000E)
    .ARM.Collect$$libinit$$00000011          0x0800013e   Section        0  libinit2.o(.ARM.Collect$$libinit$$00000011)
    .ARM.Collect$$libinit$$00000013          0x0800013e   Section        0  libinit2.o(.ARM.Collect$$libinit$$00000013)
    .ARM.Collect$$libinit$$00000015          0x0800013e   Section        0  libinit2.o(.ARM.Collect$$libinit$$00000015)
    .ARM.Collect$$libinit$$00000017          0x0800013e   Section        0  libinit2.o(.ARM.Collect$$libinit$$00000017)
    .ARM.Collect$$libinit$$00000019          0x0800013e   Section        0  libinit2.o(.ARM.Collect$$libinit$$00000019)
    .ARM.Collect$$libinit$$0000001B          0x0800013e   Section        0  libinit2.o(.ARM.Collect$$libinit$$0000001B)
    .ARM.Collect$$libinit$$0000001D          0x0800013e   Section        0  libinit2.o(.ARM.Collect$$libinit$$0000001D)
    .ARM.Collect$$libinit$$0000001F          0x0800013e   Section        0  libinit2.o(.ARM.Collect$$libinit$$0000001F)
    .ARM.Collect$$libinit$$00000021          0x0800013e   Section        0  libinit2.o(.ARM.Collect$$libinit$$00000021)
    .ARM.Collect$$libinit$$00000023          0x0800013e   Section        0  libinit2.o(.ARM.Collect$$libinit$$00000023)
    .ARM.Collect$$libinit$$00000025          0x0800013e   Section        0  libinit2.o(.ARM.Collect$$libinit$$00000025)
    .ARM.Collect$$libinit$$0000002C          0x0800013e   Section        0  libinit2.o(.ARM.Collect$$libinit$$0000002C)
    .ARM.Collect$$libinit$$0000002E          0x0800013e   Section        0  libinit2.o(.ARM.Collect$$libinit$$0000002E)
    .ARM.Collect$$libinit$$00000030          0x0800013e   Section        0  libinit2.o(.ARM.Collect$$libinit$$00000030)
    .ARM.Collect$$libinit$$00000032          0x0800013e   Section        0  libinit2.o(.ARM.Collect$$libinit$$00000032)
    .ARM.Collect$$libinit$$00000033          0x0800013e   Section        2  libinit2.o(.ARM.Collect$$libinit$$00000033)
    .ARM.Collect$$libshutdown$$00000000      0x08000140   Section        2  libshutdown.o(.ARM.Collect$$libshutdown$$00000000)
    .ARM.Collect$$libshutdown$$00000002      0x08000142   Section        0  libshutdown2.o(.ARM.Collect$$libshutdown$$00000002)
    .ARM.Collect$$libshutdown$$00000004      0x08000142   Section        0  libshutdown2.o(.ARM.Collect$$libshutdown$$00000004)
    .ARM.Collect$$libshutdown$$00000007      0x08000142   Section        0  libshutdown2.o(.ARM.Collect$$libshutdown$$00000007)
    .ARM.Collect$$libshutdown$$0000000A      0x08000142   Section        0  libshutdown2.o(.ARM.Collect$$libshutdown$$0000000A)
    .ARM.Collect$$libshutdown$$0000000C      0x08000142   Section        0  libshutdown2.o(.ARM.Collect$$libshutdown$$0000000C)
    .ARM.Collect$$libshutdown$$0000000F      0x08000142   Section        0  libshutdown2.o(.ARM.Collect$$libshutdown$$0000000F)
    .ARM.Collect$$libshutdown$$00000010      0x08000142   Section        2  libshutdown2.o(.ARM.Collect$$libshutdown$$00000010)
    .ARM.Collect$$rtentry$$00000000          0x08000144   Section        0  __rtentry.o(.ARM.Collect$$rtentry$$00000000)
    .ARM.Collect$$rtentry$$00000002          0x08000144   Section        0  __rtentry2.o(.ARM.Collect$$rtentry$$00000002)
    .ARM.Collect$$rtentry$$00000004          0x08000144   Section        6  __rtentry4.o(.ARM.Collect$$rtentry$$00000004)
    .ARM.Collect$$rtentry$$00000009          0x0800014a   Section        0  __rtentry2.o(.ARM.Collect$$rtentry$$00000009)
    .ARM.Collect$$rtentry$$0000000A          0x0800014a   Section        4  __rtentry2.o(.ARM.Collect$$rtentry$$0000000A)
    .ARM.Collect$$rtentry$$0000000C          0x0800014e   Section        0  __rtentry2.o(.ARM.Collect$$rtentry$$0000000C)
    .ARM.Collect$$rtentry$$0000000D          0x0800014e   Section        8  __rtentry2.o(.ARM.Collect$$rtentry$$0000000D)
    .ARM.Collect$$rtexit$$00000000           0x08000156   Section        2  rtexit.o(.ARM.Collect$$rtexit$$00000000)
    .ARM.Collect$$rtexit$$00000002           0x08000158   Section        0  rtexit2.o(.ARM.Collect$$rtexit$$00000002)
    .ARM.Collect$$rtexit$$00000003           0x08000158   Section        4  rtexit2.o(.ARM.Collect$$rtexit$$00000003)
    .ARM.Collect$$rtexit$$00000004           0x0800015c   Section        6  rtexit2.o(.ARM.Collect$$rtexit$$00000004)
    .text                                    0x08000164   Section       56  startup_stm32l031xx.o(.text)
    .text                                    0x0800019c   Section      504  aeabi_sdivfast.o(.text)
    .text                                    0x08000394   Section        0  heapauxi.o(.text)
    .text                                    0x0800039c   Section        0  ddiv.o(.text)
    .text                                    0x080007e4   Section        0  dfixui.o(.text)
    .text                                    0x0800082c   Section        0  dflti.o(.text)
    .text                                    0x08000884   Section        0  dmul.o(.text)
    .text                                    0x08000acc   Section       62  sys_stackheap_outer.o(.text)
    .text                                    0x08000b0a   Section        0  exit.o(.text)
    .text                                    0x08000b1c   Section        8  libspace.o(.text)
    .text                                    0x08000b24   Section        0  sys_exit.o(.text)
    .text                                    0x08000b30   Section        2  use_no_semi.o(.text)
    .text                                    0x08000b32   Section        0  indicate_semi.o(.text)
    [Anonymous Symbol]                       0x08000b34   Section        0  stm32l031lib.o(.text.ADCBegin)
    __arm_cp.7_0                             0x08000b7c   Number         4  stm32l031lib.o(.text.ADCBegin)
    [Anonymous Symbol]                       0x08000b80   Section        0  stm32l031lib.o(.text.ADCRead)
    __arm_cp.8_0                             0x08000b98   Number         4  stm32l031lib.o(.text.ADCRead)
    [Anonymous Symbol]                       0x08000b9c   Section        0  music.o(.text.Audio_Handler)
    __arm_cp.3_0                             0x08000c64   Number         4  music.o(.text.Audio_Handler)
    __arm_cp.3_1                             0x08000c68   Number         4  music.o(.text.Audio_Handler)
    __arm_cp.3_2                             0x08000c6c   Number         4  music.o(.text.Audio_Handler)
    __arm_cp.3_3                             0x08000c70   Number         4  music.o(.text.Audio_Handler)
    __arm_cp.3_4                             0x08000c74   Number         4  music.o(.text.Audio_Handler)
    __arm_cp.3_5                             0x08000c78   Number         4  music.o(.text.Audio_Handler)
    __arm_cp.3_6                             0x08000c7c   Number         4  music.o(.text.Audio_Handler)
    __arm_cp.3_7                             0x08000c80   Number         4  music.o(.text.Audio_Handler)
    __arm_cp.3_8                             0x08000c84   Number         4  music.o(.text.Audio_Handler)
    __arm_cp.3_9                             0x08000c88   Number         4  music.o(.text.Audio_Handler)
    [Anonymous Symbol]                       0x08000c8c   Section        0  stm32l031lib.o(.text.Delay_Handler)
    [Anonymous Symbol]                       0x08000c9c   Section        0  main.o(.text.SysTick_Handler)
    __arm_cp.1_0                             0x08000cd8   Number         4  main.o(.text.SysTick_Handler)
    __arm_cp.1_1                             0x08000cdc   Number         4  main.o(.text.SysTick_Handler)
    __arm_cp.1_2                             0x08000ce0   Number         4  main.o(.text.SysTick_Handler)
    __arm_cp.1_3                             0x08000ce4   Number         4  main.o(.text.SysTick_Handler)
    __arm_cp.1_4                             0x08000ce8   Number         4  main.o(.text.SysTick_Handler)
    [Anonymous Symbol]                       0x08000cec   Section        0  system_stm32l0xx.o(.text.SystemInit)
    __arm_cp.0_0                             0x08000d2c   Number         4  system_stm32l0xx.o(.text.SystemInit)
    __arm_cp.0_1                             0x08000d30   Number         4  system_stm32l0xx.o(.text.SystemInit)
    __arm_cp.0_2                             0x08000d34   Number         4  system_stm32l0xx.o(.text.SystemInit)
    __arm_cp.0_3                             0x08000d38   Number         4  system_stm32l0xx.o(.text.SystemInit)
    [Anonymous Symbol]                       0x08000d3c   Section        0  realm.o(.text.addWeapon)
    __arm_cp.13_4                            0x08000e18   Number         4  realm.o(.text.addWeapon)
    [Anonymous Symbol]                       0x08000e48   Section        0  stm32l031lib.o(.text.delay)
    __arm_cp.2_0                             0x08000ec4   Number         4  stm32l031lib.o(.text.delay)
    __arm_cp.2_1                             0x08000ec8   Number         4  stm32l031lib.o(.text.delay)
    __arm_cp.2_2                             0x08000ecc   Number         4  stm32l031lib.o(.text.delay)
    __arm_cp.2_3                             0x08000ed0   Number         4  stm32l031lib.o(.text.delay)
    __arm_cp.2_4                             0x08000ed4   Number         4  stm32l031lib.o(.text.delay)
    __arm_cp.2_5                             0x08000ed8   Number         4  stm32l031lib.o(.text.delay)
    [Anonymous Symbol]                       0x08000edc   Section        0  realm.o(.text.doChallenge)
    __arm_cp.10_0                            0x080010dc   Number         4  realm.o(.text.doChallenge)
    __arm_cp.10_4                            0x0800111c   Number         4  realm.o(.text.doChallenge)
    __arm_cp.10_12                           0x08001170   Number         4  realm.o(.text.doChallenge)
    __arm_cp.10_13                           0x08001174   Number         4  realm.o(.text.doChallenge)
    LightningSpellDamage                     0x08001180   Number         0  realm.o(.text.doChallenge)
    FireSpellDamage                          0x0800118c   Number         0  realm.o(.text.doChallenge)
    FreezeSpellDamage                        0x08001198   Number         0  realm.o(.text.doChallenge)
    __arm_cp.10_20                           0x0800119c   Number         4  realm.o(.text.doChallenge)
    BadGuyDamage                             0x080011a0   Number         0  realm.o(.text.doChallenge)
    __arm_cp.10_22                           0x080011a4   Number         4  realm.o(.text.doChallenge)
    __arm_cp.10_24                           0x080011b0   Number         4  realm.o(.text.doChallenge)
    __arm_cp.10_25                           0x080011b4   Number         4  realm.o(.text.doChallenge)
    __arm_cp.10_26                           0x080011b8   Number         4  realm.o(.text.doChallenge)
    [Anonymous Symbol]                       0x080011bc   Section        0  stm32l031lib.o(.text.egetchar)
    [Anonymous Symbol]                       0x080011cc   Section        0  stm32l031lib.o(.text.enablePullUp)
    [Anonymous Symbol]                       0x080011e4   Section        0  stm32l031lib.o(.text.eputchar)
    __arm_cp.11_0                            0x080011f0   Number         4  stm32l031lib.o(.text.eputchar)
    [Anonymous Symbol]                       0x080011f4   Section        0  stm32l031lib.o(.text.eputs)
    [Anonymous Symbol]                       0x08001210   Section        0  realm.o(.text.getUserInput)
    [Anonymous Symbol]                       0x0800121c   Section        0  realm.o(.text.getWeaponName)
    [Anonymous Symbol]                       0x08001244   Section        0  music.o(.text.initAudio)
    __arm_cp.0_0                             0x08001260   Number         4  music.o(.text.initAudio)
    __arm_cp.0_1                             0x08001264   Number         4  music.o(.text.initAudio)
    __arm_cp.0_2                             0x08001268   Number         4  music.o(.text.initAudio)
    [Anonymous Symbol]                       0x0800126c   Section        0  stm32l031lib.o(.text.initClock)
    __arm_cp.9_0                             0x08001298   Number         4  stm32l031lib.o(.text.initClock)
    __arm_cp.9_1                             0x0800129c   Number         4  stm32l031lib.o(.text.initClock)
    [Anonymous Symbol]                       0x080012a0   Section        0  stm32l031lib.o(.text.initKeypad)
    [Anonymous Symbol]                       0x08001308   Section        0  stm32l031lib.o(.text.initPins)
    [Anonymous Symbol]                       0x08001380   Section        0  realm.o(.text.initPlayer)
    __arm_cp.6_0                             0x0800142c   Number         4  realm.o(.text.initPlayer)
    [Anonymous Symbol]                       0x0800144c   Section        0  stm32l031lib.o(.text.initRGBLED)
    [Anonymous Symbol]                       0x08001470   Section        0  realm.o(.text.initRealm)
    FindTypes                                0x080014e0   Number         0  realm.o(.text.initRealm)
    Baddies                                  0x080014e8   Number         0  realm.o(.text.initRealm)
    [Anonymous Symbol]                       0x080014ec   Section        0  stm32l031lib.o(.text.initSerial)
    __arm_cp.10_0                            0x08001570   Number         4  stm32l031lib.o(.text.initSerial)
    __arm_cp.10_1                            0x08001574   Number         4  stm32l031lib.o(.text.initSerial)
    __arm_cp.10_2                            0x08001578   Number         4  stm32l031lib.o(.text.initSerial)
    __arm_cp.10_3                            0x0800157c   Number         4  stm32l031lib.o(.text.initSerial)
    [Anonymous Symbol]                       0x08001580   Section        0  main.o(.text.main)
    __arm_cp.0_0                             0x080015f8   Number         4  main.o(.text.main)
    __arm_cp.0_1                             0x080015fc   Number         4  main.o(.text.main)
    __arm_cp.0_2                             0x08001600   Number         4  main.o(.text.main)
    [Anonymous Symbol]                       0x08001604   Section        0  stm32l031lib.o(.text.pinMode)
    [Anonymous Symbol]                       0x08001618   Section        0  music.o(.text.playMusic)
    __arm_cp.1_0                             0x08001628   Number         4  music.o(.text.playMusic)
    __arm_cp.1_1                             0x0800162c   Number         4  music.o(.text.playMusic)
    __arm_cp.1_2                             0x08001630   Number         4  music.o(.text.playMusic)
    [Anonymous Symbol]                       0x08001634   Section        0  music.o(.text.playSFX)
    __arm_cp.2_0                             0x08001640   Number         4  music.o(.text.playSFX)
    __arm_cp.2_1                             0x08001644   Number         4  music.o(.text.playSFX)
    [Anonymous Symbol]                       0x08001648   Section        0  realm.o(.text.prbs)
    __arm_cp.17_0                            0x08001678   Number         4  realm.o(.text.prbs)
    [Anonymous Symbol]                       0x0800167c   Section        0  stm32l031lib.o(.text.printDecimal)
    [Anonymous Symbol]                       0x080016ba   Section        0  realm.o(.text.random)
    [Anonymous Symbol]                       0x080016d0   Section        0  realm.o(.text.randomize)
    __arm_cp.1_0                             0x08001700   Number         4  realm.o(.text.randomize)
    [Anonymous Symbol]                       0x08001704   Section        0  realm.o(.text.runGame)
    __arm_cp.0_0                             0x0800185c   Number         4  realm.o(.text.runGame)
    __arm_cp.0_2                             0x08001880   Number         4  realm.o(.text.runGame)
    __arm_cp.0_3                             0x08001884   Number         4  realm.o(.text.runGame)
    __arm_cp.0_5                             0x080018b4   Number         4  realm.o(.text.runGame)
    __arm_cp.0_6                             0x080018b8   Number         4  realm.o(.text.runGame)
    __arm_cp.0_7                             0x080018bc   Number         4  realm.o(.text.runGame)
    __arm_cp.0_9                             0x080018d4   Number         4  realm.o(.text.runGame)
    __arm_cp.0_15                            0x08001904   Number         4  realm.o(.text.runGame)
    [Anonymous Symbol]                       0x08001908   Section        0  realm.o(.text.setHealth)
    [Anonymous Symbol]                       0x08001916   Section        0  stm32l031lib.o(.text.setPinHigh)
    [Anonymous Symbol]                       0x08001922   Section        0  stm32l031lib.o(.text.setPinLow)
    [Anonymous Symbol]                       0x0800192e   Section        0  stm32l031lib.o(.text.setRGBLED)
    [Anonymous Symbol]                       0x08001980   Section        0  realm.o(.text.setStrength)
    [Anonymous Symbol]                       0x0800198c   Section        0  realm.o(.text.showGameMessage)
    [Anonymous Symbol]                       0x080019a8   Section        0  realm.o(.text.showHelp)
    [Anonymous Symbol]                       0x08001a40   Section        0  realm.o(.text.showPlayer)
    __arm_cp.7_9                             0x08001b38   Number         4  realm.o(.text.showPlayer)
    [Anonymous Symbol]                       0x08001b4c   Section        0  realm.o(.text.showRealm)
    __arm_cp.8_1                             0x08001bbc   Number         4  realm.o(.text.showRealm)
    [Anonymous Symbol]                       0x08001c2c   Section        0  realm.o(.text.step)
    __arm_cp.9_0                             0x08001de0   Number         4  realm.o(.text.step)
    __arm_cp.9_1                             0x08001de4   Number         4  realm.o(.text.step)
    __arm_cp.9_2                             0x08001de8   Number         4  realm.o(.text.step)
    __arm_cp.9_4                             0x08001e10   Number         4  realm.o(.text.step)
    __arm_cp.9_8                             0x08001e6c   Number         4  realm.o(.text.step)
    __arm_cp.9_9                             0x08001e70   Number         4  realm.o(.text.step)
    __arm_cp.9_10                            0x08001e74   Number         4  realm.o(.text.step)
    __arm_cp.9_11                            0x08001e78   Number         4  realm.o(.text.step)
    __arm_cp.9_12                            0x08001e7c   Number         4  realm.o(.text.step)
    __arm_cp.9_13                            0x08001e80   Number         4  realm.o(.text.step)
    .text_divfast                            0x08001e84   Section      502  aeabi_sdivfast.o(.text_divfast)
    ddiv_reciptbl                            0x0800207a   Data         128  ddiv.o(.constdata)
    .constdata                               0x0800207a   Section      128  ddiv.o(.constdata)
    x$fpl$usenofp                            0x0800207a   Section        0  usenofp.o(x$fpl$usenofp)
    SFXBeep                                  0x080020fc   Data          32  realm.o(.rodata.SFXBeep)
    [Anonymous Symbol]                       0x080020fc   Section        0  realm.o(.rodata.SFXBeep)
    SFXBlocked                               0x0800211c   Data          48  realm.o(.rodata.SFXBlocked)
    [Anonymous Symbol]                       0x0800211c   Section        0  realm.o(.rodata.SFXBlocked)
    SFXInput                                 0x0800214c   Data          48  realm.o(.rodata.SFXInput)
    [Anonymous Symbol]                       0x0800214c   Section        0  realm.o(.rodata.SFXInput)
    SFXSecret                                0x0800217c   Data          88  realm.o(.rodata.SFXSecret)
    [Anonymous Symbol]                       0x0800217c   Section        0  realm.o(.rodata.SFXSecret)
    audioNULL                                0x080021d4   Data           8  music.o(.rodata.audioNULL)
    [Anonymous Symbol]                       0x080021d4   Section        0  music.o(.rodata.audioNULL)
    WeaponDamage                             0x080021dc   Data          16  realm.o(.rodata.cst16)
    musicLinksMemories                       0x080021ec   Data         440  realm.o(.rodata.musicLinksMemories)
    [Anonymous Symbol]                       0x080021ec   Section        0  realm.o(.rodata.musicLinksMemories)
    musicMortalCombat                        0x080023a4   Data        1280  realm.o(.rodata.musicMortalCombat)
    [Anonymous Symbol]                       0x080023a4   Section        0  realm.o(.rodata.musicMortalCombat)
    musicScatteredAndLost                    0x080028a4   Data         312  realm.o(.rodata.musicScatteredAndLost)
    [Anonymous Symbol]                       0x080028a4   Section        0  realm.o(.rodata.musicScatteredAndLost)
    .L.str.1                                 0x080029dc   Data         306  realm.o(.rodata.str1.1)
    [Anonymous Symbol]                       0x080029dc   Section        0  realm.o(.rodata.str1.1)
    .L.str.43                                0x08002b0e   Data          31  realm.o(.rodata.str1.1)
    .L.str                                   0x08002b2a   Data           3  realm.o(.rodata.str1.1)
    .L.str.21                                0x08002b2a   Data           3  realm.o(.rodata.str1.1)
    .L.str.34                                0x08002b2d   Data          13  realm.o(.rodata.str1.1)
    .L.str.12                                0x08002b3a   Data          39  realm.o(.rodata.str1.1)
    .L.str.31                                0x08002b61   Data          11  realm.o(.rodata.str1.1)
    .L.str.9                                 0x08002b6c   Data          25  realm.o(.rodata.str1.1)
    .L.str.60                                0x08002b85   Data           3  realm.o(.rodata.str1.1)
    .L.str.47                                0x08002b88   Data           6  realm.o(.rodata.str1.1)
    .L.str.46                                0x08002b8e   Data           4  realm.o(.rodata.str1.1)
    .L.str.33                                0x08002b92   Data          18  realm.o(.rodata.str1.1)
    .L.str.14                                0x08002ba4   Data          29  realm.o(.rodata.str1.1)
    .L.str.48                                0x08002bc1   Data           6  realm.o(.rodata.str1.1)
    .L.str.37                                0x08002bc7   Data          29  realm.o(.rodata.str1.1)
    .L.str.36                                0x08002be4   Data          37  realm.o(.rodata.str1.1)
    .L.str.10                                0x08002c09   Data          39  realm.o(.rodata.str1.1)
    .L.str.11                                0x08002c30   Data          29  realm.o(.rodata.str1.1)
    .L.str.13                                0x08002c4d   Data          39  realm.o(.rodata.str1.1)
    .L.str.45                                0x08002c74   Data           6  realm.o(.rodata.str1.1)
    shift_register                           0x20000000   Data           4  realm.o(.data.shift_register)
    [Anonymous Symbol]                       0x20000000   Section        0  realm.o(.data.shift_register)
    .bss                                     0x20000008   Section       96  libspace.o(.bss)
    Audio_Handler.pitch                      0x20000068   Data           4  music.o(.bss.Audio_Handler.pitch)
    [Anonymous Symbol]                       0x20000068   Section        0  music.o(.bss.Audio_Handler.pitch)
    Audio_Handler.soundDuration              0x2000006c   Data           4  music.o(.bss.Audio_Handler.soundDuration)
    [Anonymous Symbol]                       0x2000006c   Section        0  music.o(.bss.Audio_Handler.soundDuration)
    GameStarted                              0x20000070   Data           1  realm.o(.bss.GameStarted)
    [Anonymous Symbol]                       0x20000070   Section        0  realm.o(.bss.GameStarted)
    SFX.0                                    0x20000074   Data           4  music.o(.bss.SFX.0)
    [Anonymous Symbol]                       0x20000074   Section        0  music.o(.bss.SFX.0)
    SFX.2                                    0x20000078   Data           4  music.o(.bss.SFX.2)
    [Anonymous Symbol]                       0x20000078   Section        0  music.o(.bss.SFX.2)
    SysTick_Handler.counter                  0x2000007c   Data           4  main.o(.bss.SysTick_Handler.counter)
    [Anonymous Symbol]                       0x2000007c   Section        0  main.o(.bss.SysTick_Handler.counter)
    delayDuration                            0x20000080   Data           4  stm32l031lib.o(.bss.delayDuration)
    [Anonymous Symbol]                       0x20000080   Section        0  stm32l031lib.o(.bss.delayDuration)
    music.0                                  0x20000084   Data           4  music.o(.bss.music.0)
    [Anonymous Symbol]                       0x20000084   Section        0  music.o(.bss.music.0)
    music.1                                  0x20000088   Data           4  music.o(.bss.music.1)
    [Anonymous Symbol]                       0x20000088   Section        0  music.o(.bss.music.1)
    music.2                                  0x2000008c   Data           4  music.o(.bss.music.2)
    [Anonymous Symbol]                       0x2000008c   Section        0  music.o(.bss.music.2)
    prbs.busy                                0x20000090   Data           1  realm.o(.bss.prbs.busy)
    [Anonymous Symbol]                       0x20000090   Section        0  realm.o(.bss.prbs.busy)
    speakerPin                               0x20000094   Data           4  music.o(.bss.speakerPin)
    [Anonymous Symbol]                       0x20000094   Section        0  music.o(.bss.speakerPin)
    speakerPort                              0x20000098   Data           4  music.o(.bss.speakerPort)
    [Anonymous Symbol]                       0x20000098   Section        0  music.o(.bss.speakerPort)
    thePlayer                                0x2000009c   Data          29  realm.o(.bss.thePlayer)
    [Anonymous Symbol]                       0x2000009c   Section        0  realm.o(.bss.thePlayer)
    theRealm                                 0x200000b9   Data         600  realm.o(.bss.theRealm)
    [Anonymous Symbol]                       0x200000b9   Section        0  realm.o(.bss.theRealm)
    Heap_Mem                                 0x20000318   Data         512  startup_stm32l031xx.o(HEAP)
    HEAP                                     0x20000318   Section      512  startup_stm32l031xx.o(HEAP)
    Stack_Mem                                0x20000518   Data        1024  startup_stm32l031xx.o(STACK)
    STACK                                    0x20000518   Section     1024  startup_stm32l031xx.o(STACK)
    __initial_sp                             0x20000918   Data           0  startup_stm32l031xx.o(STACK)

    Global Symbols

    Symbol Name                              Value     Ov Type        Size  Object(Section)

    BuildAttributes$$THM_ISAv3M$S$PE$A:L22$X:L11$S22$IEEE1$IW$~IW$USESV6$~STKCKD$USESV7$~SHL$OTIME$ROPI$EBA8$UX$STANDARDLIB$REQ8$PRES8$EABIv2 0x00000000   Number         0  anon$$obj.o ABSOLUTE
    __ARM_exceptions_init                     - Undefined Weak Reference
    __alloca_initialize                       - Undefined Weak Reference
    __arm_preinit_                            - Undefined Weak Reference
    __cpp_initialize__aeabi_                  - Undefined Weak Reference
    __cxa_finalize                            - Undefined Weak Reference
    __rt_locale                               - Undefined Weak Reference
    __sigvec_lookup                           - Undefined Weak Reference
    _atexit_init                              - Undefined Weak Reference
    _call_atexit_fns                          - Undefined Weak Reference
    _clock_init                               - Undefined Weak Reference
    _fp_trap_init                             - Undefined Weak Reference
    _fp_trap_shutdown                         - Undefined Weak Reference
    _get_lc_collate                           - Undefined Weak Reference
    _get_lc_ctype                             - Undefined Weak Reference
    _get_lc_monetary                          - Undefined Weak Reference
    _get_lc_numeric                           - Undefined Weak Reference
    _get_lc_time                              - Undefined Weak Reference
    _getenv_init                              - Undefined Weak Reference
    _handle_redirection                       - Undefined Weak Reference
    _init_alloc                               - Undefined Weak Reference
    _init_user_alloc                          - Undefined Weak Reference
    _initio                                   - Undefined Weak Reference
    _rand_init                                - Undefined Weak Reference
    _signal_finish                            - Undefined Weak Reference
    _signal_init                              - Undefined Weak Reference
    _terminate_alloc                          - Undefined Weak Reference
    _terminate_user_alloc                     - Undefined Weak Reference
    _terminateio                              - Undefined Weak Reference
    __Vectors_Size                           0x000000c0   Number         0  startup_stm32l031xx.o ABSOLUTE
    __Vectors                                0x08000000   Data           4  startup_stm32l031xx.o(RESET)
    __Vectors_End                            0x080000c0   Data           0  startup_stm32l031xx.o(RESET)
    __main                                   0x080000c1   Thumb Code     8  __main.o(!!!main)
    __scatterload                            0x080000c9   Thumb Code     0  __scatter.o(!!!scatter)
    __scatterload_rt2                        0x080000c9   Thumb Code    52  __scatter.o(!!!scatter)
    __scatterload_rt2_thumb_only             0x080000c9   Thumb Code     0  __scatter.o(!!!scatter)
    __scatterload_null                       0x080000d9   Thumb Code     0  __scatter.o(!!!scatter)
    __scatterload_copy                       0x08000105   Thumb Code    26  __scatter_copy.o(!!handler_copy)
    __scatterload_zeroinit                   0x08000121   Thumb Code    28  __scatter_zi.o(!!handler_zi)
    __rt_lib_init                            0x0800013d   Thumb Code     0  libinit.o(.ARM.Collect$$libinit$$00000000)
    __rt_lib_init_alloca_1                   0x0800013f   Thumb Code     0  libinit2.o(.ARM.Collect$$libinit$$0000002E)
    __rt_lib_init_argv_1                     0x0800013f   Thumb Code     0  libinit2.o(.ARM.Collect$$libinit$$0000002C)
    __rt_lib_init_atexit_1                   0x0800013f   Thumb Code     0  libinit2.o(.ARM.Collect$$libinit$$0000001B)
    __rt_lib_init_clock_1                    0x0800013f   Thumb Code     0  libinit2.o(.ARM.Collect$$libinit$$00000021)
    __rt_lib_init_cpp_1                      0x0800013f   Thumb Code     0  libinit2.o(.ARM.Collect$$libinit$$00000032)
    __rt_lib_init_exceptions_1               0x0800013f   Thumb Code     0  libinit2.o(.ARM.Collect$$libinit$$00000030)
    __rt_lib_init_fp_1                       0x0800013f   Thumb Code     0  libinit2.o(.ARM.Collect$$libinit$$00000002)
    __rt_lib_init_fp_trap_1                  0x0800013f   Thumb Code     0  libinit2.o(.ARM.Collect$$libinit$$0000001F)
    __rt_lib_init_getenv_1                   0x0800013f   Thumb Code     0  libinit2.o(.ARM.Collect$$libinit$$00000023)
    __rt_lib_init_heap_1                     0x0800013f   Thumb Code     0  libinit2.o(.ARM.Collect$$libinit$$0000000A)
    __rt_lib_init_lc_collate_1               0x0800013f   Thumb Code     0  libinit2.o(.ARM.Collect$$libinit$$00000011)
    __rt_lib_init_lc_ctype_1                 0x0800013f   Thumb Code     0  libinit2.o(.ARM.Collect$$libinit$$00000013)
    __rt_lib_init_lc_monetary_1              0x0800013f   Thumb Code     0  libinit2.o(.ARM.Collect$$libinit$$00000015)
    __rt_lib_init_lc_numeric_1               0x0800013f   Thumb Code     0  libinit2.o(.ARM.Collect$$libinit$$00000017)
    __rt_lib_init_lc_time_1                  0x0800013f   Thumb Code     0  libinit2.o(.ARM.Collect$$libinit$$00000019)
    __rt_lib_init_preinit_1                  0x0800013f   Thumb Code     0  libinit2.o(.ARM.Collect$$libinit$$00000004)
    __rt_lib_init_rand_1                     0x0800013f   Thumb Code     0  libinit2.o(.ARM.Collect$$libinit$$0000000E)
    __rt_lib_init_return                     0x0800013f   Thumb Code     0  libinit2.o(.ARM.Collect$$libinit$$00000033)
    __rt_lib_init_signal_1                   0x0800013f   Thumb Code     0  libinit2.o(.ARM.Collect$$libinit$$0000001D)
    __rt_lib_init_stdio_1                    0x0800013f   Thumb Code     0  libinit2.o(.ARM.Collect$$libinit$$00000025)
    __rt_lib_init_user_alloc_1               0x0800013f   Thumb Code     0  libinit2.o(.ARM.Collect$$libinit$$0000000C)
    __rt_lib_shutdown                        0x08000141   Thumb Code     0  libshutdown.o(.ARM.Collect$$libshutdown$$00000000)
    __rt_lib_shutdown_cpp_1                  0x08000143   Thumb Code     0  libshutdown2.o(.ARM.Collect$$libshutdown$$00000002)
    __rt_lib_shutdown_fp_trap_1              0x08000143   Thumb Code     0  libshutdown2.o(.ARM.Collect$$libshutdown$$00000007)
    __rt_lib_shutdown_heap_1                 0x08000143   Thumb Code     0  libshutdown2.o(.ARM.Collect$$libshutdown$$0000000F)
    __rt_lib_shutdown_return                 0x08000143   Thumb Code     0  libshutdown2.o(.ARM.Collect$$libshutdown$$00000010)
    __rt_lib_shutdown_signal_1               0x08000143   Thumb Code     0  libshutdown2.o(.ARM.Collect$$libshutdown$$0000000A)
    __rt_lib_shutdown_stdio_1                0x08000143   Thumb Code     0  libshutdown2.o(.ARM.Collect$$libshutdown$$00000004)
    __rt_lib_shutdown_user_alloc_1           0x08000143   Thumb Code     0  libshutdown2.o(.ARM.Collect$$libshutdown$$0000000C)
    __rt_entry                               0x08000145   Thumb Code     0  __rtentry.o(.ARM.Collect$$rtentry$$00000000)
    __rt_entry_presh_1                       0x08000145   Thumb Code     0  __rtentry2.o(.ARM.Collect$$rtentry$$00000002)
    __rt_entry_sh                            0x08000145   Thumb Code     0  __rtentry4.o(.ARM.Collect$$rtentry$$00000004)
    __rt_entry_li                            0x0800014b   Thumb Code     0  __rtentry2.o(.ARM.Collect$$rtentry$$0000000A)
    __rt_entry_postsh_1                      0x0800014b   Thumb Code     0  __rtentry2.o(.ARM.Collect$$rtentry$$00000009)
    __rt_entry_main                          0x0800014f   Thumb Code     0  __rtentry2.o(.ARM.Collect$$rtentry$$0000000D)
    __rt_entry_postli_1                      0x0800014f   Thumb Code     0  __rtentry2.o(.ARM.Collect$$rtentry$$0000000C)
    __rt_exit                                0x08000157   Thumb Code     0  rtexit.o(.ARM.Collect$$rtexit$$00000000)
    __rt_exit_ls                             0x08000159   Thumb Code     0  rtexit2.o(.ARM.Collect$$rtexit$$00000003)
    __rt_exit_prels_1                        0x08000159   Thumb Code     0  rtexit2.o(.ARM.Collect$$rtexit$$00000002)
    __rt_exit_exit                           0x0800015d   Thumb Code     0  rtexit2.o(.ARM.Collect$$rtexit$$00000004)
    Reset_Handler                            0x08000165   Thumb Code     8  startup_stm32l031xx.o(.text)
    NMI_Handler                              0x0800016d   Thumb Code     2  startup_stm32l031xx.o(.text)
    HardFault_Handler                        0x0800016f   Thumb Code     2  startup_stm32l031xx.o(.text)
    SVC_Handler                              0x08000171   Thumb Code     2  startup_stm32l031xx.o(.text)
    PendSV_Handler                           0x08000173   Thumb Code     2  startup_stm32l031xx.o(.text)
    ADC1_COMP_IRQHandler                     0x08000177   Thumb Code     0  startup_stm32l031xx.o(.text)
    DMA1_Channel1_IRQHandler                 0x08000177   Thumb Code     0  startup_stm32l031xx.o(.text)
    DMA1_Channel2_3_IRQHandler               0x08000177   Thumb Code     0  startup_stm32l031xx.o(.text)
    DMA1_Channel4_5_6_7_IRQHandler           0x08000177   Thumb Code     0  startup_stm32l031xx.o(.text)
    EXTI0_1_IRQHandler                       0x08000177   Thumb Code     0  startup_stm32l031xx.o(.text)
    EXTI2_3_IRQHandler                       0x08000177   Thumb Code     0  startup_stm32l031xx.o(.text)
    EXTI4_15_IRQHandler                      0x08000177   Thumb Code     0  startup_stm32l031xx.o(.text)
    FLASH_IRQHandler                         0x08000177   Thumb Code     0  startup_stm32l031xx.o(.text)
    I2C1_IRQHandler                          0x08000177   Thumb Code     0  startup_stm32l031xx.o(.text)
    LPTIM1_IRQHandler                        0x08000177   Thumb Code     0  startup_stm32l031xx.o(.text)
    LPUART1_IRQHandler                       0x08000177   Thumb Code     0  startup_stm32l031xx.o(.text)
    PVD_IRQHandler                           0x08000177   Thumb Code     0  startup_stm32l031xx.o(.text)
    RCC_IRQHandler                           0x08000177   Thumb Code     0  startup_stm32l031xx.o(.text)
    RTC_IRQHandler                           0x08000177   Thumb Code     0  startup_stm32l031xx.o(.text)
    SPI1_IRQHandler                          0x08000177   Thumb Code     0  startup_stm32l031xx.o(.text)
    TIM21_IRQHandler                         0x08000177   Thumb Code     0  startup_stm32l031xx.o(.text)
    TIM22_IRQHandler                         0x08000177   Thumb Code     0  startup_stm32l031xx.o(.text)
    TIM2_IRQHandler                          0x08000177   Thumb Code     0  startup_stm32l031xx.o(.text)
    USART2_IRQHandler                        0x08000177   Thumb Code     0  startup_stm32l031xx.o(.text)
    WWDG_IRQHandler                          0x08000177   Thumb Code     0  startup_stm32l031xx.o(.text)
    __user_initial_stackheap                 0x08000179   Thumb Code     0  startup_stm32l031xx.o(.text)
    __aeabi_uidivmod                         0x0800019d   Thumb Code    28  aeabi_sdivfast.o(.text)
    __aeabi_idivmod                          0x080001b9   Thumb Code   472  aeabi_sdivfast.o(.text)
    __use_two_region_memory                  0x08000395   Thumb Code     2  heapauxi.o(.text)
    __rt_heap_escrow$2region                 0x08000397   Thumb Code     2  heapauxi.o(.text)
    __rt_heap_expand$2region                 0x08000399   Thumb Code     2  heapauxi.o(.text)
    __aeabi_ddiv                             0x0800039d   Thumb Code     0  ddiv.o(.text)
    _ddiv                                    0x0800039d   Thumb Code  1072  ddiv.o(.text)
    _drdiv                                   0x080007cd   Thumb Code    20  ddiv.o(.text)
    __aeabi_d2uiz                            0x080007e5   Thumb Code     0  dfixui.o(.text)
    _dfixu                                   0x080007e5   Thumb Code    68  dfixui.o(.text)
    __aeabi_i2d_normalise                    0x0800082d   Thumb Code    66  dflti.o(.text)
    __aeabi_i2d                              0x0800086f   Thumb Code    16  dflti.o(.text)
    _dflt                                    0x0800086f   Thumb Code     0  dflti.o(.text)
    __aeabi_ui2d                             0x0800087f   Thumb Code     6  dflti.o(.text)
    _dfltu                                   0x0800087f   Thumb Code     0  dflti.o(.text)
    __aeabi_dmul                             0x08000885   Thumb Code     0  dmul.o(.text)
    _dmul                                    0x08000885   Thumb Code   558  dmul.o(.text)
    __user_setup_stackheap                   0x08000acd   Thumb Code    62  sys_stackheap_outer.o(.text)
    exit                                     0x08000b0b   Thumb Code    16  exit.o(.text)
    __user_libspace                          0x08000b1d   Thumb Code     8  libspace.o(.text)
    __user_perproc_libspace                  0x08000b1d   Thumb Code     0  libspace.o(.text)
    __user_perthread_libspace                0x08000b1d   Thumb Code     0  libspace.o(.text)
    _sys_exit                                0x08000b25   Thumb Code     8  sys_exit.o(.text)
    __I$use$semihosting                      0x08000b31   Thumb Code     0  use_no_semi.o(.text)
    __use_no_semihosting_swi                 0x08000b31   Thumb Code     2  use_no_semi.o(.text)
    __semihosting_library_function           0x08000b33   Thumb Code     0  indicate_semi.o(.text)
    ADCBegin                                 0x08000b35   Thumb Code    76  stm32l031lib.o(.text.ADCBegin)
    ADCRead                                  0x08000b81   Thumb Code    28  stm32l031lib.o(.text.ADCRead)
    Audio_Handler                            0x08000b9d   Thumb Code   240  music.o(.text.Audio_Handler)
    Delay_Handler                            0x08000c8d   Thumb Code    16  stm32l031lib.o(.text.Delay_Handler)
    SysTick_Handler                          0x08000c9d   Thumb Code    80  main.o(.text.SysTick_Handler)
    SystemInit                               0x08000ced   Thumb Code    80  system_stm32l0xx.o(.text.SystemInit)
    addWeapon                                0x08000d3d   Thumb Code   268  realm.o(.text.addWeapon)
    delay                                    0x08000e49   Thumb Code   148  stm32l031lib.o(.text.delay)
    doChallenge                              0x08000edd   Thumb Code   736  realm.o(.text.doChallenge)
    egetchar                                 0x080011bd   Thumb Code    16  stm32l031lib.o(.text.egetchar)
    enablePullUp                             0x080011cd   Thumb Code    24  stm32l031lib.o(.text.enablePullUp)
    eputchar                                 0x080011e5   Thumb Code    16  stm32l031lib.o(.text.eputchar)
    eputs                                    0x080011f5   Thumb Code    28  stm32l031lib.o(.text.eputs)
    getUserInput                             0x08001211   Thumb Code    12  realm.o(.text.getUserInput)
    getWeaponName                            0x0800121d   Thumb Code    40  realm.o(.text.getWeaponName)
    initAudio                                0x08001245   Thumb Code    40  music.o(.text.initAudio)
    initClock                                0x0800126d   Thumb Code    52  stm32l031lib.o(.text.initClock)
    initKeypad                               0x080012a1   Thumb Code   104  stm32l031lib.o(.text.initKeypad)
    initPins                                 0x08001309   Thumb Code   120  stm32l031lib.o(.text.initPins)
    initPlayer                               0x08001381   Thumb Code   204  realm.o(.text.initPlayer)
    initRGBLED                               0x0800144d   Thumb Code    36  stm32l031lib.o(.text.initRGBLED)
    initRealm                                0x08001471   Thumb Code   124  realm.o(.text.initRealm)
    initSerial                               0x080014ed   Thumb Code   148  stm32l031lib.o(.text.initSerial)
    main                                     0x08001581   Thumb Code   132  main.o(.text.main)
    pinMode                                  0x08001605   Thumb Code    18  stm32l031lib.o(.text.pinMode)
    playMusic                                0x08001619   Thumb Code    28  music.o(.text.playMusic)
    playSFX                                  0x08001635   Thumb Code    20  music.o(.text.playSFX)
    prbs                                     0x08001649   Thumb Code    52  realm.o(.text.prbs)
    printDecimal                             0x0800167d   Thumb Code    62  stm32l031lib.o(.text.printDecimal)
    random                                   0x080016bb   Thumb Code    20  realm.o(.text.random)
    randomize                                0x080016d1   Thumb Code    52  realm.o(.text.randomize)
    runGame                                  0x08001705   Thumb Code   516  realm.o(.text.runGame)
    setHealth                                0x08001909   Thumb Code    14  realm.o(.text.setHealth)
    setPinHigh                               0x08001917   Thumb Code    12  stm32l031lib.o(.text.setPinHigh)
    setPinLow                                0x08001923   Thumb Code    12  stm32l031lib.o(.text.setPinLow)
    setRGBLED                                0x0800192f   Thumb Code    82  stm32l031lib.o(.text.setRGBLED)
    setStrength                              0x08001981   Thumb Code    10  realm.o(.text.setStrength)
    showGameMessage                          0x0800198d   Thumb Code    28  realm.o(.text.showGameMessage)
    showHelp                                 0x080019a9   Thumb Code   152  realm.o(.text.showHelp)
    showPlayer                               0x08001a41   Thumb Code   268  realm.o(.text.showPlayer)
    showRealm                                0x08001b4d   Thumb Code   224  realm.o(.text.showRealm)
    step                                     0x08001c2d   Thumb Code   600  realm.o(.text.step)
    __aeabi_uidiv                            0x08001e85   Thumb Code    68  aeabi_sdivfast.o(.text_divfast)
    __aeabi_idiv                             0x08001ec9   Thumb Code   434  aeabi_sdivfast.o(.text_divfast)
    __I$use$fp                               0x0800207a   Number         0  usenofp.o(x$fpl$usenofp)
    Region$$Table$$Base                      0x08002c7c   Number         0  anon$$obj.o(Region$$Table)
    Region$$Table$$Limit                     0x08002c9c   Number         0  anon$$obj.o(Region$$Table)
    __libspace_start                         0x20000008   Data          96  libspace.o(.bss)
    __temporary_stack_top$libspace           0x20000068   Data           0  libspace.o(.bss)



==============================================================================

Memory Map of the image

  Image Entry point : 0x08000165

  Load Region LR_1 (Base: 0x08000000, Size: 0x00002ca0, Max: 0xffffffff, ABSOLUTE)

    Execution Region ER_RO (Exec base: 0x08000000, Load base: 0x08000000, Size: 0x00002c9c, Max: 0xffffffff, ABSOLUTE)

    Exec Addr    Load Addr    Size         Type   Attr      Idx    E Section Name        Object

    0x08000000   0x08000000   0x000000c0   Data   RO          151    RESET               startup_stm32l031xx.o
    0x080000c0   0x080000c0   0x00000008   Code   RO          186  * !!!main             c_p.l(__main.o)
    0x080000c8   0x080000c8   0x0000003c   Code   RO          371    !!!scatter          c_p.l(__scatter.o)
    0x08000104   0x08000104   0x0000001a   Code   RO          373    !!handler_copy      c_p.l(__scatter_copy.o)
    0x0800011e   0x0800011e   0x00000002   PAD
    0x08000120   0x08000120   0x0000001c   Code   RO          375    !!handler_zi        c_p.l(__scatter_zi.o)
    0x0800013c   0x0800013c   0x00000002   Code   RO          234    .ARM.Collect$$libinit$$00000000  c_p.l(libinit.o)
    0x0800013e   0x0800013e   0x00000000   Code   RO          248    .ARM.Collect$$libinit$$00000002  c_p.l(libinit2.o)
    0x0800013e   0x0800013e   0x00000000   Code   RO          250    .ARM.Collect$$libinit$$00000004  c_p.l(libinit2.o)
    0x0800013e   0x0800013e   0x00000000   Code   RO          253    .ARM.Collect$$libinit$$0000000A  c_p.l(libinit2.o)
    0x0800013e   0x0800013e   0x00000000   Code   RO          255    .ARM.Collect$$libinit$$0000000C  c_p.l(libinit2.o)
    0x0800013e   0x0800013e   0x00000000   Code   RO          257    .ARM.Collect$$libinit$$0000000E  c_p.l(libinit2.o)
    0x0800013e   0x0800013e   0x00000000   Code   RO          260    .ARM.Collect$$libinit$$00000011  c_p.l(libinit2.o)
    0x0800013e   0x0800013e   0x00000000   Code   RO          262    .ARM.Collect$$libinit$$00000013  c_p.l(libinit2.o)
    0x0800013e   0x0800013e   0x00000000   Code   RO          264    .ARM.Collect$$libinit$$00000015  c_p.l(libinit2.o)
    0x0800013e   0x0800013e   0x00000000   Code   RO          266    .ARM.Collect$$libinit$$00000017  c_p.l(libinit2.o)
    0x0800013e   0x0800013e   0x00000000   Code   RO          268    .ARM.Collect$$libinit$$00000019  c_p.l(libinit2.o)
    0x0800013e   0x0800013e   0x00000000   Code   RO          270    .ARM.Collect$$libinit$$0000001B  c_p.l(libinit2.o)
    0x0800013e   0x0800013e   0x00000000   Code   RO          272    .ARM.Collect$$libinit$$0000001D  c_p.l(libinit2.o)
    0x0800013e   0x0800013e   0x00000000   Code   RO          274    .ARM.Collect$$libinit$$0000001F  c_p.l(libinit2.o)
    0x0800013e   0x0800013e   0x00000000   Code   RO          276    .ARM.Collect$$libinit$$00000021  c_p.l(libinit2.o)
    0x0800013e   0x0800013e   0x00000000   Code   RO          278    .ARM.Collect$$libinit$$00000023  c_p.l(libinit2.o)
    0x0800013e   0x0800013e   0x00000000   Code   RO          280    .ARM.Collect$$libinit$$00000025  c_p.l(libinit2.o)
    0x0800013e   0x0800013e   0x00000000   Code   RO          284    .ARM.Collect$$libinit$$0000002C  c_p.l(libinit2.o)
    0x0800013e   0x0800013e   0x00000000   Code   RO          286    .ARM.Collect$$libinit$$0000002E  c_p.l(libinit2.o)
    0x0800013e   0x0800013e   0x00000000   Code   RO          288    .ARM.Collect$$libinit$$00000030  c_p.l(libinit2.o)
    0x0800013e   0x0800013e   0x00000000   Code   RO          290    .ARM.Collect$$libinit$$00000032  c_p.l(libinit2.o)
    0x0800013e   0x0800013e   0x00000002   Code   RO          291    .ARM.Collect$$libinit$$00000033  c_p.l(libinit2.o)
    0x08000140   0x08000140   0x00000002   Code   RO          326    .ARM.Collect$$libshutdown$$00000000  c_p.l(libshutdown.o)
    0x08000142   0x08000142   0x00000000   Code   RO          354    .ARM.Collect$$libshutdown$$00000002  c_p.l(libshutdown2.o)
    0x08000142   0x08000142   0x00000000   Code   RO          356    .ARM.Collect$$libshutdown$$00000004  c_p.l(libshutdown2.o)
    0x08000142   0x08000142   0x00000000   Code   RO          359    .ARM.Collect$$libshutdown$$00000007  c_p.l(libshutdown2.o)
    0x08000142   0x08000142   0x00000000   Code   RO          362    .ARM.Collect$$libshutdown$$0000000A  c_p.l(libshutdown2.o)
    0x08000142   0x08000142   0x00000000   Code   RO          364    .ARM.Collect$$libshutdown$$0000000C  c_p.l(libshutdown2.o)
    0x08000142   0x08000142   0x00000000   Code   RO          367    .ARM.Collect$$libshutdown$$0000000F  c_p.l(libshutdown2.o)
    0x08000142   0x08000142   0x00000002   Code   RO          368    .ARM.Collect$$libshutdown$$00000010  c_p.l(libshutdown2.o)
    0x08000144   0x08000144   0x00000000   Code   RO          197    .ARM.Collect$$rtentry$$00000000  c_p.l(__rtentry.o)
    0x08000144   0x08000144   0x00000000   Code   RO          204    .ARM.Collect$$rtentry$$00000002  c_p.l(__rtentry2.o)
    0x08000144   0x08000144   0x00000006   Code   RO          216    .ARM.Collect$$rtentry$$00000004  c_p.l(__rtentry4.o)
    0x0800014a   0x0800014a   0x00000000   Code   RO          206    .ARM.Collect$$rtentry$$00000009  c_p.l(__rtentry2.o)
    0x0800014a   0x0800014a   0x00000004   Code   RO          207    .ARM.Collect$$rtentry$$0000000A  c_p.l(__rtentry2.o)
    0x0800014e   0x0800014e   0x00000000   Code   RO          209    .ARM.Collect$$rtentry$$0000000C  c_p.l(__rtentry2.o)
    0x0800014e   0x0800014e   0x00000008   Code   RO          210    .ARM.Collect$$rtentry$$0000000D  c_p.l(__rtentry2.o)
    0x08000156   0x08000156   0x00000002   Code   RO          239    .ARM.Collect$$rtexit$$00000000  c_p.l(rtexit.o)
    0x08000158   0x08000158   0x00000000   Code   RO          297    .ARM.Collect$$rtexit$$00000002  c_p.l(rtexit2.o)
    0x08000158   0x08000158   0x00000004   Code   RO          298    .ARM.Collect$$rtexit$$00000003  c_p.l(rtexit2.o)
    0x0800015c   0x0800015c   0x00000006   Code   RO          299    .ARM.Collect$$rtexit$$00000004  c_p.l(rtexit2.o)
    0x08000162   0x08000162   0x00000002   PAD
    0x08000164   0x08000164   0x00000038   Code   RO          152  * .text               startup_stm32l031xx.o
    0x0800019c   0x0800019c   0x000001f8   Code   RO          176    .text               c_p.l(aeabi_sdivfast.o)
    0x08000394   0x08000394   0x00000006   Code   RO          184    .text               c_p.l(heapauxi.o)
    0x0800039a   0x0800039a   0x00000002   PAD
    0x0800039c   0x0800039c   0x00000448   Code   RO          188    .text               fz_ps.l(ddiv.o)
    0x080007e4   0x080007e4   0x00000048   Code   RO          191    .text               fz_ps.l(dfixui.o)
    0x0800082c   0x0800082c   0x00000058   Code   RO          193    .text               fz_ps.l(dflti.o)
    0x08000884   0x08000884   0x00000248   Code   RO          195    .text               fz_ps.l(dmul.o)
    0x08000acc   0x08000acc   0x0000003e   Code   RO          220    .text               c_p.l(sys_stackheap_outer.o)
    0x08000b0a   0x08000b0a   0x00000010   Code   RO          223    .text               c_p.l(exit.o)
    0x08000b1a   0x08000b1a   0x00000002   PAD
    0x08000b1c   0x08000b1c   0x00000008   Code   RO          235    .text               c_p.l(libspace.o)
    0x08000b24   0x08000b24   0x0000000c   Code   RO          292    .text               c_p.l(sys_exit.o)
    0x08000b30   0x08000b30   0x00000002   Code   RO          315    .text               c_p.l(use_no_semi.o)
    0x08000b32   0x08000b32   0x00000000   Code   RO          317    .text               c_p.l(indicate_semi.o)
    0x08000b32   0x08000b32   0x00000002   PAD
    0x08000b34   0x08000b34   0x0000004c   Code   RO           16    .text.ADCBegin      stm32l031lib.o
    0x08000b80   0x08000b80   0x0000001c   Code   RO           18    .text.ADCRead       stm32l031lib.o
    0x08000b9c   0x08000b9c   0x000000f0   Code   RO          130    .text.Audio_Handler  music.o
    0x08000c8c   0x08000c8c   0x00000010   Code   RO            4    .text.Delay_Handler  stm32l031lib.o
    0x08000c9c   0x08000c9c   0x00000050   Code   RO           53    .text.SysTick_Handler  main.o
    0x08000cec   0x08000cec   0x00000050   Code   RO          159    .text.SystemInit    system_stm32l0xx.o
    0x08000d3c   0x08000d3c   0x0000010c   Code   RO           92    .text.addWeapon     realm.o
    0x08000e48   0x08000e48   0x00000094   Code   RO            6    .text.delay         stm32l031lib.o
    0x08000edc   0x08000edc   0x000002e0   Code   RO           86    .text.doChallenge   realm.o
    0x080011bc   0x080011bc   0x00000010   Code   RO           26    .text.egetchar      stm32l031lib.o
    0x080011cc   0x080011cc   0x00000018   Code   RO            8    .text.enablePullUp  stm32l031lib.o
    0x080011e4   0x080011e4   0x00000010   Code   RO           24    .text.eputchar      stm32l031lib.o
    0x080011f4   0x080011f4   0x0000001c   Code   RO           28    .text.eputs         stm32l031lib.o
    0x08001210   0x08001210   0x0000000c   Code   RO           74    .text.getUserInput  realm.o
    0x0800121c   0x0800121c   0x00000028   Code   RO           96    .text.getWeaponName  realm.o
    0x08001244   0x08001244   0x00000028   Code   RO          124    .text.initAudio     music.o
    0x0800126c   0x0800126c   0x00000034   Code   RO           20    .text.initClock     stm32l031lib.o
    0x080012a0   0x080012a0   0x00000068   Code   RO           34    .text.initKeypad    stm32l031lib.o
    0x08001308   0x08001308   0x00000078   Code   RO           32    .text.initPins      stm32l031lib.o
    0x08001380   0x08001380   0x000000cc   Code   RO           78    .text.initPlayer    realm.o
    0x0800144c   0x0800144c   0x00000024   Code   RO           36    .text.initRGBLED    stm32l031lib.o
    0x08001470   0x08001470   0x0000007c   Code   RO           76    .text.initRealm     realm.o
    0x080014ec   0x080014ec   0x00000094   Code   RO           22    .text.initSerial    stm32l031lib.o
    0x08001580   0x08001580   0x00000084   Code   RO           51    .text.main          main.o
    0x08001604   0x08001604   0x00000012   Code   RO            2    .text.pinMode       stm32l031lib.o
    0x08001616   0x08001616   0x00000002   PAD
    0x08001618   0x08001618   0x0000001c   Code   RO          126    .text.playMusic     music.o
    0x08001634   0x08001634   0x00000014   Code   RO          128    .text.playSFX       music.o
    0x08001648   0x08001648   0x00000034   Code   RO          100    .text.prbs          realm.o
    0x0800167c   0x0800167c   0x0000003e   Code   RO           30    .text.printDecimal  stm32l031lib.o
    0x080016ba   0x080016ba   0x00000014   Code   RO           94    .text.random        realm.o
    0x080016ce   0x080016ce   0x00000002   PAD
    0x080016d0   0x080016d0   0x00000034   Code   RO           68    .text.randomize     realm.o
    0x08001704   0x08001704   0x00000204   Code   RO           66    .text.runGame       realm.o
    0x08001908   0x08001908   0x0000000e   Code   RO           88    .text.setHealth     realm.o
    0x08001916   0x08001916   0x0000000c   Code   RO           12    .text.setPinHigh    stm32l031lib.o
    0x08001922   0x08001922   0x0000000c   Code   RO           10    .text.setPinLow     stm32l031lib.o
    0x0800192e   0x0800192e   0x00000052   Code   RO           40    .text.setRGBLED     stm32l031lib.o
    0x08001980   0x08001980   0x0000000a   Code   RO           90    .text.setStrength   realm.o
    0x0800198a   0x0800198a   0x00000002   PAD
    0x0800198c   0x0800198c   0x0000001c   Code   RO           72    .text.showGameMessage  realm.o
    0x080019a8   0x080019a8   0x00000098   Code   RO           70    .text.showHelp      realm.o
    0x08001a40   0x08001a40   0x0000010c   Code   RO           80    .text.showPlayer    realm.o
    0x08001b4c   0x08001b4c   0x000000e0   Code   RO           82    .text.showRealm     realm.o
    0x08001c2c   0x08001c2c   0x00000258   Code   RO           84    .text.step          realm.o
    0x08001e84   0x08001e84   0x000001f6   Code   RO          177    .text_divfast       c_p.l(aeabi_sdivfast.o)
    0x0800207a   0x0800207a   0x00000000   Code   RO          202    x$fpl$usenofp       fz_ps.l(usenofp.o)
    0x0800207a   0x0800207a   0x00000080   Data   RO          189    .constdata          fz_ps.l(ddiv.o)
    0x080020fa   0x080020fa   0x00000002   PAD
    0x080020fc   0x080020fc   0x00000020   Data   RO          110    .rodata.SFXBeep     realm.o
    0x0800211c   0x0800211c   0x00000030   Data   RO          109    .rodata.SFXBlocked  realm.o
    0x0800214c   0x0800214c   0x00000030   Data   RO          105    .rodata.SFXInput    realm.o
    0x0800217c   0x0800217c   0x00000058   Data   RO          111    .rodata.SFXSecret   realm.o
    0x080021d4   0x080021d4   0x00000008   Data   RO          134    .rodata.audioNULL   music.o
    0x080021dc   0x080021dc   0x00000010   Data   RO          113    .rodata.cst16       realm.o
    0x080021ec   0x080021ec   0x000001b8   Data   RO          102    .rodata.musicLinksMemories  realm.o
    0x080023a4   0x080023a4   0x00000500   Data   RO          112    .rodata.musicMortalCombat  realm.o
    0x080028a4   0x080028a4   0x00000138   Data   RO          108    .rodata.musicScatteredAndLost  realm.o
    0x080029dc   0x080029dc   0x0000029e   Data   RO          103    .rodata.str1.1      realm.o
    0x08002c7a   0x08002c7a   0x00000002   PAD
    0x08002c7c   0x08002c7c   0x00000020   Data   RO          370    Region$$Table       anon$$obj.o


    Execution Region ER_RW (Exec base: 0x20000000, Load base: 0x08002c9c, Size: 0x00000004, Max: 0xffffffff, ABSOLUTE)

    Exec Addr    Load Addr    Size         Type   Attr      Idx    E Section Name        Object

    0x20000000   0x08002c9c   0x00000004   Data   RW          115    .data.shift_register  realm.o


    Execution Region ER_ZI (Exec base: 0x20000008, Load base: 0x08002ca0, Size: 0x00000910, Max: 0xffffffff, ABSOLUTE)

    Exec Addr    Load Addr    Size         Type   Attr      Idx    E Section Name        Object

    0x20000008        -       0x00000060   Zero   RW          236    .bss                c_p.l(libspace.o)
    0x20000068        -       0x00000004   Zero   RW          136    .bss.Audio_Handler.pitch  music.o
    0x2000006c        -       0x00000004   Zero   RW          135    .bss.Audio_Handler.soundDuration  music.o
    0x20000070        -       0x00000001   Zero   RW          104    .bss.GameStarted    realm.o
    0x20000071   0x08002ca0   0x00000003   PAD
    0x20000074        -       0x00000004   Zero   RW          137    .bss.SFX.0          music.o
    0x20000078        -       0x00000004   Zero   RW          138    .bss.SFX.2          music.o
    0x2000007c        -       0x00000004   Zero   RW           56    .bss.SysTick_Handler.counter  main.o
    0x20000080        -       0x00000004   Zero   RW           42    .bss.delayDuration  stm32l031lib.o
    0x20000084        -       0x00000004   Zero   RW          139    .bss.music.0        music.o
    0x20000088        -       0x00000004   Zero   RW          140    .bss.music.1        music.o
    0x2000008c        -       0x00000004   Zero   RW          141    .bss.music.2        music.o
    0x20000090        -       0x00000001   Zero   RW          114    .bss.prbs.busy      realm.o
    0x20000091   0x08002ca0   0x00000003   PAD
    0x20000094        -       0x00000004   Zero   RW          133    .bss.speakerPin     music.o
    0x20000098        -       0x00000004   Zero   RW          132    .bss.speakerPort    music.o
    0x2000009c        -       0x0000001d   Zero   RW          107    .bss.thePlayer      realm.o
    0x200000b9        -       0x00000258   Zero   RW          106    .bss.theRealm       realm.o
    0x20000311   0x08002ca0   0x00000007   PAD
    0x20000318        -       0x00000200   Zero   RW          150    HEAP                startup_stm32l031xx.o
    0x20000518        -       0x00000400   Zero   RW          149    STACK               startup_stm32l031xx.o


==============================================================================

Image component sizes


      Code (inc. data)   RO Data    RW Data    ZI Data      Debug   Object Name

       212         32          0          0          4       1587   main.o
       328         72          8          0         36       2558   music.o
      3320       1300       2934          4        631       8243   realm.o
        56         26        192          0       1536        744   startup_stm32l031xx.o
       998         60          0          0          4       6524   stm32l031lib.o
        80         16          0          0          0       2627   system_stm32l0xx.o

    ----------------------------------------------------------------------
      5000       1506       3168          4       2224      22283   Object Totals
         0          0         32          0          0          0   (incl. Generated)
         6          0          2          0         13          0   (incl. Padding)

    ----------------------------------------------------------------------

      Code (inc. data)   RO Data    RW Data    ZI Data      Debug   Library Member Name

         8          0          0          0          0         68   __main.o
         0          0          0          0          0          0   __rtentry.o
        12          0          0          0          0          0   __rtentry2.o
         6          0          0          0          0          0   __rtentry4.o
        60          8          0          0          0          0   __scatter.o
        26          0          0          0          0          0   __scatter_copy.o
        28          0          0          0          0          0   __scatter_zi.o
      1006          4          0          0          0        184   aeabi_sdivfast.o
        16          0          0          0          0         68   exit.o
         6          0          0          0          0        136   heapauxi.o
         0          0          0          0          0          0   indicate_semi.o
         2          0          0          0          0          0   libinit.o
         2          0          0          0          0          0   libinit2.o
         2          0          0          0          0          0   libshutdown.o
         2          0          0          0          0          0   libshutdown2.o
         8          4          0          0         96         68   libspace.o
         2          0          0          0          0          0   rtexit.o
        10          0          0          0          0          0   rtexit2.o
        12          4          0          0          0         60   sys_exit.o
        62          0          0          0          0         80   sys_stackheap_outer.o
         2          0          0          0          0         68   use_no_semi.o
      1096         26        128          0          0        112   ddiv.o
        72          4          0          0          0         68   dfixui.o
        88          0          0          0          0         92   dflti.o
       584         26          0          0          0         84   dmul.o
         0          0          0          0          0          0   usenofp.o

    ----------------------------------------------------------------------
      3122         76        130          0         96       1088   Library Totals
        10          0          2          0          0          0   (incl. Padding)

    ----------------------------------------------------------------------

      Code (inc. data)   RO Data    RW Data    ZI Data      Debug   Library Name

      1272         20          0          0         96        732   c_p.l
      1840         56        128          0          0        356   fz_ps.l

    ----------------------------------------------------------------------
      3122         76        130          0         96       1088   Library Totals

    ----------------------------------------------------------------------

==============================================================================


      Code (inc. data)   RO Data    RW Data    ZI Data      Debug   

      8122       1582       3298          4       2320      22935   Grand Totals
      8122       1582       3298          4       2320      22935   ELF Image Totals
      8122       1582       3298          4          0          0   ROM Totals

==============================================================================

    Total RO  Size (Code + RO Data)                11420 (  11.15kB)
    Total RW  Size (RW Data + ZI Data)              2324 (   2.27kB)
    Total ROM Size (Code + RO Data + RW Data)      11424 (  11.16kB)

==============================================================================

